Archive member included to satisfy reference by file (symbol)

c:/st/stm32cubeide_1.12.1/stm32cubeide/plugins/com.st.stm32cube.ide.mcu.externaltools.gnu-tools-for-stm32.10.3-2021.10.win32_1.0.200.202301161003/tools/bin/../lib/gcc/arm-none-eabi/10.3.1/../../../../arm-none-eabi/lib/thumb/v7e-m+fp/hard\libc_nano.a(lib_a-errno.o)
                              ./Core/Src/syscalls.o (__errno)
c:/st/stm32cubeide_1.12.1/stm32cubeide/plugins/com.st.stm32cube.ide.mcu.externaltools.gnu-tools-for-stm32.10.3-2021.10.win32_1.0.200.202301161003/tools/bin/../lib/gcc/arm-none-eabi/10.3.1/../../../../arm-none-eabi/lib/thumb/v7e-m+fp/hard\libc_nano.a(lib_a-exit.o)
                              c:/st/stm32cubeide_1.12.1/stm32cubeide/plugins/com.st.stm32cube.ide.mcu.externaltools.gnu-tools-for-stm32.10.3-2021.10.win32_1.0.200.202301161003/tools/bin/../lib/gcc/arm-none-eabi/10.3.1/../../../../arm-none-eabi/lib/thumb/v7e-m+fp/hard/crt0.o (exit)
c:/st/stm32cubeide_1.12.1/stm32cubeide/plugins/com.st.stm32cube.ide.mcu.externaltools.gnu-tools-for-stm32.10.3-2021.10.win32_1.0.200.202301161003/tools/bin/../lib/gcc/arm-none-eabi/10.3.1/../../../../arm-none-eabi/lib/thumb/v7e-m+fp/hard\libc_nano.a(lib_a-impure.o)
                              c:/st/stm32cubeide_1.12.1/stm32cubeide/plugins/com.st.stm32cube.ide.mcu.externaltools.gnu-tools-for-stm32.10.3-2021.10.win32_1.0.200.202301161003/tools/bin/../lib/gcc/arm-none-eabi/10.3.1/../../../../arm-none-eabi/lib/thumb/v7e-m+fp/hard\libc_nano.a(lib_a-exit.o) (_global_impure_ptr)
c:/st/stm32cubeide_1.12.1/stm32cubeide/plugins/com.st.stm32cube.ide.mcu.externaltools.gnu-tools-for-stm32.10.3-2021.10.win32_1.0.200.202301161003/tools/bin/../lib/gcc/arm-none-eabi/10.3.1/../../../../arm-none-eabi/lib/thumb/v7e-m+fp/hard\libc_nano.a(lib_a-init.o)
                              c:/st/stm32cubeide_1.12.1/stm32cubeide/plugins/com.st.stm32cube.ide.mcu.externaltools.gnu-tools-for-stm32.10.3-2021.10.win32_1.0.200.202301161003/tools/bin/../lib/gcc/arm-none-eabi/10.3.1/../../../../arm-none-eabi/lib/thumb/v7e-m+fp/hard/crt0.o (__libc_init_array)
c:/st/stm32cubeide_1.12.1/stm32cubeide/plugins/com.st.stm32cube.ide.mcu.externaltools.gnu-tools-for-stm32.10.3-2021.10.win32_1.0.200.202301161003/tools/bin/../lib/gcc/arm-none-eabi/10.3.1/../../../../arm-none-eabi/lib/thumb/v7e-m+fp/hard\libc_nano.a(lib_a-memset.o)
                              c:/st/stm32cubeide_1.12.1/stm32cubeide/plugins/com.st.stm32cube.ide.mcu.externaltools.gnu-tools-for-stm32.10.3-2021.10.win32_1.0.200.202301161003/tools/bin/../lib/gcc/arm-none-eabi/10.3.1/../../../../arm-none-eabi/lib/thumb/v7e-m+fp/hard/crt0.o (memset)
c:/st/stm32cubeide_1.12.1/stm32cubeide/plugins/com.st.stm32cube.ide.mcu.externaltools.gnu-tools-for-stm32.10.3-2021.10.win32_1.0.200.202301161003/tools/bin/../lib/gcc/arm-none-eabi/10.3.1/../../../../arm-none-eabi/lib/thumb/v7e-m+fp/hard\libm.a(lib_a-sf_cos.o)
                              ./Core/MCLIB/VectorControl.o (cosf)
c:/st/stm32cubeide_1.12.1/stm32cubeide/plugins/com.st.stm32cube.ide.mcu.externaltools.gnu-tools-for-stm32.10.3-2021.10.win32_1.0.200.202301161003/tools/bin/../lib/gcc/arm-none-eabi/10.3.1/../../../../arm-none-eabi/lib/thumb/v7e-m+fp/hard\libm.a(lib_a-sf_sin.o)
                              ./Core/MCLIB/VectorControl.o (sinf)
c:/st/stm32cubeide_1.12.1/stm32cubeide/plugins/com.st.stm32cube.ide.mcu.externaltools.gnu-tools-for-stm32.10.3-2021.10.win32_1.0.200.202301161003/tools/bin/../lib/gcc/arm-none-eabi/10.3.1/../../../../arm-none-eabi/lib/thumb/v7e-m+fp/hard\libm.a(lib_a-wf_atan2.o)
                              ./Core/MCLIB/VectorControl.o (atan2f)
c:/st/stm32cubeide_1.12.1/stm32cubeide/plugins/com.st.stm32cube.ide.mcu.externaltools.gnu-tools-for-stm32.10.3-2021.10.win32_1.0.200.202301161003/tools/bin/../lib/gcc/arm-none-eabi/10.3.1/../../../../arm-none-eabi/lib/thumb/v7e-m+fp/hard\libm.a(lib_a-wf_fmod.o)
                              ./Core/MCLIB/GeneralFunctions.o (fmodf)
c:/st/stm32cubeide_1.12.1/stm32cubeide/plugins/com.st.stm32cube.ide.mcu.externaltools.gnu-tools-for-stm32.10.3-2021.10.win32_1.0.200.202301161003/tools/bin/../lib/gcc/arm-none-eabi/10.3.1/../../../../arm-none-eabi/lib/thumb/v7e-m+fp/hard\libm.a(lib_a-wf_sqrt.o)
                              ./Core/MCLIB/VectorControl.o (sqrtf)
c:/st/stm32cubeide_1.12.1/stm32cubeide/plugins/com.st.stm32cube.ide.mcu.externaltools.gnu-tools-for-stm32.10.3-2021.10.win32_1.0.200.202301161003/tools/bin/../lib/gcc/arm-none-eabi/10.3.1/../../../../arm-none-eabi/lib/thumb/v7e-m+fp/hard\libm.a(lib_a-ef_atan2.o)
                              c:/st/stm32cubeide_1.12.1/stm32cubeide/plugins/com.st.stm32cube.ide.mcu.externaltools.gnu-tools-for-stm32.10.3-2021.10.win32_1.0.200.202301161003/tools/bin/../lib/gcc/arm-none-eabi/10.3.1/../../../../arm-none-eabi/lib/thumb/v7e-m+fp/hard\libm.a(lib_a-wf_atan2.o) (__ieee754_atan2f)
[...]
Memory Configuration

Name             Origin             Length             Attributes
RAM              0x0000000020000000 0x0000000000020000 xrw
FLASH            0x0000000008000000 0x0000000000080000 xr
*default*        0x0000000000000000 0xffffffffffffffff

Linker script and memory map

LOAD c:/st/stm32cubeide_1.12.1/stm32cubeide/plugins/com.st.stm32cube.ide.mcu.externaltools.gnu-tools-for-stm32.10.3-2021.10.win32_1.0.200.202301161003/tools/bin/../lib/gcc/arm-none-eabi/10.3.1/thumb/v7e-m+fp/hard/crti.o
LOAD c:/st/stm32cubeide_1.12.1/stm32cubeide/plugins/com.st.stm32cube.ide.mcu.externaltools.gnu-tools-for-stm32.10.3-2021.10.win32_1.0.200.202301161003/tools/bin/../lib/gcc/arm-none-eabi/10.3.1/thumb/v7e-m+fp/hard/crtbegin.o
LOAD c:/st/stm32cubeide_1.12.1/stm32cubeide/plugins/com.st.stm32cube.ide.mcu.externaltools.gnu-tools-for-stm32.10.3-2021.10.win32_1.0.200.202301161003/tools/bin/../lib/gcc/arm-none-eabi/10.3.1/../../../../arm-none-eabi/lib/thumb/v7e-m+fp/hard/crt0.o
LOAD ./Core/MCLIB/ControlFunctions.o
LOAD ./Core/MCLIB/GeneralFunctions.o
LOAD ./Core/MCLIB/GlogalVariables.o
LOAD ./Core/MCLIB/Sequence.o
LOAD ./Core/MCLIB/SignalReadWrite.o
LOAD ./Core/MCLIB/SixsStep.o
LOAD ./Core/MCLIB/VectorControl.o
LOAD ./Core/Src/main.o
LOAD ./Core/Src/stm32g4xx_hal_msp.o
LOAD ./Core/Src/stm32g4xx_it.o
LOAD ./Core/Src/syscalls.o
LOAD ./Core/Src/sysmem.o
LOAD ./Core/Src/system_stm32g4xx.o
LOAD ./Core/Startup/startup_stm32g474retx.o
LOAD ./Drivers/STM32G4xx_HAL_Driver/Src/stm32g4xx_hal.o
LOAD ./Drivers/STM32G4xx_HAL_Driver/Src/stm32g4xx_hal_adc.o
LOAD ./Drivers/STM32G4xx_HAL_Driver/Src/stm32g4xx_hal_adc_ex.o
LOAD ./Drivers/STM32G4xx_HAL_Driver/Src/stm32g4xx_hal_cortex.o
LOAD ./Drivers/STM32G4xx_HAL_Driver/Src/stm32g4xx_hal_dac.o
LOAD ./Drivers/STM32G4xx_HAL_Driver/Src/stm32g4xx_hal_dac_ex.o
LOAD ./Drivers/STM32G4xx_HAL_Driver/Src/stm32g4xx_hal_dma.o
LOAD ./Drivers/STM32G4xx_HAL_Driver/Src/stm32g4xx_hal_dma_ex.o
LOAD ./Drivers/STM32G4xx_HAL_Driver/Src/stm32g4xx_hal_exti.o
LOAD ./Drivers/STM32G4xx_HAL_Driver/Src/stm32g4xx_hal_flash.o
LOAD ./Drivers/STM32G4xx_HAL_Driver/Src/stm32g4xx_hal_flash_ex.o
LOAD ./Drivers/STM32G4xx_HAL_Driver/Src/stm32g4xx_hal_flash_ramfunc.o
LOAD ./Drivers/STM32G4xx_HAL_Driver/Src/stm32g4xx_hal_gpio.o
LOAD ./Drivers/STM32G4xx_HAL_Driver/Src/stm32g4xx_hal_pwr.o
LOAD ./Drivers/STM32G4xx_HAL_Driver/Src/stm32g4xx_hal_pwr_ex.o
LOAD ./Drivers/STM32G4xx_HAL_Driver/Src/stm32g4xx_hal_rcc.o
LOAD ./Drivers/STM32G4xx_HAL_Driver/Src/stm32g4xx_hal_rcc_ex.o
LOAD ./Drivers/STM32G4xx_HAL_Driver/Src/stm32g4xx_hal_tim.o
LOAD ./Drivers/STM32G4xx_HAL_Driver/Src/stm32g4xx_hal_tim_ex.o
LOAD ./Drivers/STM32G4xx_HAL_Driver/Src/stm32g4xx_hal_uart.o
LOAD ./Drivers/STM32G4xx_HAL_Driver/Src/stm32g4xx_hal_uart_ex.o
LOAD ./Drivers/STM32G4xx_HAL_Driver/Src/stm32g4xx_ll_adc.o
START GROUP
LOAD c:/st/stm32cubeide_1.12.1/stm32cubeide/plugins/com.st.stm32cube.ide.mcu.externaltools.gnu-tools-for-stm32.10.3-2021.10.win32_1.0.200.202301161003/tools/bin/../lib/gcc/arm-none-eabi/10.3.1/../../../../arm-none-eabi/lib/thumb/v7e-m+fp/hard\libc_nano.a
LOAD c:/st/stm32cubeide_1.12.1/stm32cubeide/plugins/com.st.stm32cube.ide.mcu.externaltools.gnu-tools-for-stm32.10.3-2021.10.win32_1.0.200.202301161003/tools/bin/../lib/gcc/arm-none-eabi/10.3.1/../../../../arm-none-eabi/lib/thumb/v7e-m+fp/hard\libm.a
END GROUP
START GROUP
LOAD c:/st/stm32cubeide_1.12.1/stm32cubeide/plugins/com.st.stm32cube.ide.mcu.externaltools.gnu-tools-for-stm32.10.3-2021.10.win32_1.0.200.202301161003/tools/bin/../lib/gcc/arm-none-eabi/10.3.1/thumb/v7e-m+fp/hard\libgcc.a
LOAD c:/st/stm32cubeide_1.12.1/stm32cubeide/plugins/com.st.stm32cube.ide.mcu.externaltools.gnu-tools-for-stm32.10.3-2021.10.win32_1.0.200.202301161003/tools/bin/../lib/gcc/arm-none-eabi/10.3.1/../../../../arm-none-eabi/lib/thumb/v7e-m+fp/hard\libc_nano.a
END GROUP
START GROUP
LOAD c:/st/stm32cubeide_1.12.1/stm32cubeide/plugins/com.st.stm32cube.ide.mcu.externaltools.gnu-tools-for-stm32.10.3-2021.10.win32_1.0.200.202301161003/tools/bin/../lib/gcc/arm-none-eabi/10.3.1/thumb/v7e-m+fp/hard\libgcc.a
LOAD c:/st/stm32cubeide_1.12.1/stm32cubeide/plugins/com.st.stm32cube.ide.mcu.externaltools.gnu-tools-for-stm32.10.3-2021.10.win32_1.0.200.202301161003/tools/bin/../lib/gcc/arm-none-eabi/10.3.1/../../../../arm-none-eabi/lib/thumb/v7e-m+fp/hard\libc_nano.a
LOAD c:/st/stm32cubeide_1.12.1/stm32cubeide/plugins/com.st.stm32cube.ide.mcu.externaltools.gnu-tools-for-stm32.10.3-2021.10.win32_1.0.200.202301161003/tools/bin/../lib/gcc/arm-none-eabi/10.3.1/../../../../arm-none-eabi/lib/thumb/v7e-m+fp/hard\libnosys.a
END GROUP
START GROUP
LOAD c:/st/stm32cubeide_1.12.1/stm32cubeide/plugins/com.st.stm32cube.ide.mcu.externaltools.gnu-tools-for-stm32.10.3-2021.10.win32_1.0.200.202301161003/tools/bin/../lib/gcc/arm-none-eabi/10.3.1/thumb/v7e-m+fp/hard\libgcc.a
LOAD c:/st/stm32cubeide_1.12.1/stm32cubeide/plugins/com.st.stm32cube.ide.mcu.externaltools.gnu-tools-for-stm32.10.3-2021.10.win32_1.0.200.202301161003/tools/bin/../lib/gcc/arm-none-eabi/10.3.1/../../../../arm-none-eabi/lib/thumb/v7e-m+fp/hard\libc_nano.a
LOAD c:/st/stm32cubeide_1.12.1/stm32cubeide/plugins/com.st.stm32cube.ide.mcu.externaltools.gnu-tools-for-stm32.10.3-2021.10.win32_1.0.200.202301161003/tools/bin/../lib/gcc/arm-none-eabi/10.3.1/../../../../arm-none-eabi/lib/thumb/v7e-m+fp/hard\libnosys.a
END GROUP
LOAD c:/st/stm32cubeide_1.12.1/stm32cubeide/plugins/com.st.stm32cube.ide.mcu.externaltools.gnu-tools-for-stm32.10.3-2021.10.win32_1.0.200.202301161003/tools/bin/../lib/gcc/arm-none-eabi/10.3.1/thumb/v7e-m+fp/hard/crtend.o
LOAD c:/st/stm32cubeide_1.12.1/stm32cubeide/plugins/com.st.stm32cube.ide.mcu.externaltools.gnu-tools-for-stm32.10.3-2021.10.win32_1.0.200.202301161003/tools/bin/../lib/gcc/arm-none-eabi/10.3.1/thumb/v7e-m+fp/hard/crtn.o
                0x0000000020020000                _estack = (ORIGIN (RAM) + LENGTH (RAM))
                0x0000000000000200                _Min_Heap_Size = 0x200
                0x0000000000000400                _Min_Stack_Size = 0x400

.isr_vector     0x0000000008000000      0x1d8
                0x0000000008000000                . = ALIGN (0x4)
 *(.isr_vector)
 .isr_vector    0x0000000008000000      0x1d8 ./Core/Startup/startup_stm32g474retx.o
                0x0000000008000000                g_pfnVectors
                0x00000000080001d8                . = ALIGN (0x4)

.text           0x00000000080001d8     0x733c
                0x00000000080001d8                . = ALIGN (0x4)
 *(.text)
 .text          0x00000000080001d8       0x40 c:/st/stm32cubeide_1.12.1/stm32cubeide/plugins/com.st.stm32cube.ide.mcu.externaltools.gnu-tools-for-stm32.10.3-2021.10.win32_1.0.200.202301161003/tools/bin/../lib/gcc/arm-none-eabi/10.3.1/thumb/v7e-m+fp/hard/crtbegin.o
 .text          0x0000000008000218       0x30 c:/st/stm32cubeide_1.12.1/stm32cubeide/plugins/com.st.stm32cube.ide.mcu.externaltools.gnu-tools-for-stm32.10.3-2021.10.win32_1.0.200.202301161003/tools/bin/../lib/gcc/arm-none-eabi/10.3.1/thumb/v7e-m+fp/hard\libgcc.a(_aeabi_uldivmod.o)
                0x0000000008000218                __aeabi_uldivmod
 .text          0x0000000008000248      0x2d0 c:/st/stm32cubeide_1.12.1/stm32cubeide/plugins/com.st.stm32cube.ide.mcu.externaltools.gnu-tools-for-stm32.10.3-2021.10.win32_1.0.200.202301161003/tools/bin/../lib/gcc/arm-none-eabi/10.3.1/thumb/v7e-m+fp/hard\libgcc.a(_udivmoddi4.o)
                0x0000000008000248                __udivmoddi4
 .text          0x0000000008000518        0x4 c:/st/stm32cubeide_1.12.1/stm32cubeide/plugins/com.st.stm32cube.ide.mcu.externaltools.gnu-tools-for-stm32.10.3-2021.10.win32_1.0.200.202301161003/tools/bin/../lib/gcc/arm-none-eabi/10.3.1/thumb/v7e-m+fp/hard\libgcc.a(_dvmd_tls.o)
                0x0000000008000518                __aeabi_idiv0
                0x0000000008000518                __aeabi_ldiv0
 *(.text*)
 .text.cfPhaseLockedLoop
                0x000000000800051c       0x1a ./Core/MCLIB/ControlFunctions.o
                0x000000000800051c                cfPhaseLockedLoop
 .text.gfDivideAvoidZero
                0x0000000008000536       0x3e ./Core/MCLIB/GeneralFunctions.o
                0x0000000008000536                gfDivideAvoidZero
 .text.gfWrapTheta
                0x0000000008000574       0x48 ./Core/MCLIB/GeneralFunctions.o
                0x0000000008000574                gfWrapTheta
 .text.gUpperLowerLimit
                0x00000000080005bc       0x26 ./Core/MCLIB/GeneralFunctions.o
                0x00000000080005bc                gUpperLowerLimit
 .text.gOffDuty
                0x00000000080005e2       0x12 ./Core/MCLIB/GeneralFunctions.o
                0x00000000080005e2                gOffDuty
 .text.gLPF     0x00000000080005f4       0x22 ./Core/MCLIB/GeneralFunctions.o
                0x00000000080005f4                gLPF
 *fill*         0x0000000008000616        0x2 
 .text.slctPosModeForSensorless
                0x0000000008000618       0x28 ./Core/MCLIB/Sequence.o
 .text.slctDrvModeForSensorless
                0x0000000008000640       0x40 ./Core/MCLIB/Sequence.o
 .text.slctElectAngleFromPosMode
                0x0000000008000680       0x9c ./Core/MCLIB/Sequence.o
 .text.slctCntlFromDrvMode
                0x000000000800071c       0xd8 ./Core/MCLIB/Sequence.o
 .text.Sequence
                0x00000000080007f4       0xb0 ./Core/MCLIB/Sequence.o
                0x00000000080007f4                Sequence
 .text.readButton1
                0x00000000080008a4       0x20 ./Core/MCLIB/SignalReadWrite.o
                0x00000000080008a4                readButton1
 .text.readInputCaptureCnt
                0x00000000080008c4       0x10 ./Core/MCLIB/SignalReadWrite.o
                0x00000000080008c4                readInputCaptureCnt
 .text.readTimeInterval
                0x00000000080008d4       0x50 ./Core/MCLIB/SignalReadWrite.o
                0x00000000080008d4                readTimeInterval
 .text.readVolume
                0x0000000008000924       0x38 ./Core/MCLIB/SignalReadWrite.o
                0x0000000008000924                readVolume
 .text.readCurrent
                0x000000000800095c       0x80 ./Core/MCLIB/SignalReadWrite.o
                0x000000000800095c                readCurrent
 .text.readHallSignal
                0x00000000080009dc       0x30 ./Core/MCLIB/SignalReadWrite.o
                0x00000000080009dc                readHallSignal
 .text.writeOutputMode
                0x0000000008000a0c       0x6c ./Core/MCLIB/SignalReadWrite.o
                0x0000000008000a0c                writeOutputMode
 .text.writeDuty
                0x0000000008000a78       0x50 ./Core/MCLIB/SignalReadWrite.o
                0x0000000008000a78                writeDuty
 .text.calcElectAngle
                0x0000000008000ac8      0x2b0 ./Core/MCLIB/SixsStep.o
                0x0000000008000ac8                calcElectAngle
 .text.OpenLoopTasks
                0x0000000008000d78      0x254 ./Core/MCLIB/VectorControl.o
                0x0000000008000d78                OpenLoopTasks
 .text.VectorControlTasks
                0x0000000008000fcc      0x538 ./Core/MCLIB/VectorControl.o
                0x0000000008000fcc                VectorControlTasks
 .text.MX_GPIO_Init
                0x0000000008001504       0xd0 ./Core/Src/main.o
 .text.MX_DMA_Init
                0x00000000080015d4       0x54 ./Core/Src/main.o
 .text.Error_Handler
                0x0000000008001628        0x4 ./Core/Src/main.o
                0x0000000008001628                Error_Handler
 .text.MX_LPUART1_UART_Init
                0x000000000800162c       0x60 ./Core/Src/main.o
 .text.MX_ADC1_Init
                0x000000000800168c      0x140 ./Core/Src/main.o
 .text.MX_TIM1_Init
                0x00000000080017cc      0x104 ./Core/Src/main.o
 .text.MX_TIM2_Init
                0x00000000080018d0       0x90 ./Core/Src/main.o
 .text.MX_DAC1_Init
                0x0000000008001960       0x58 ./Core/Src/main.o
 .text.MX_TIM7_Init
                0x00000000080019b8       0x4c ./Core/Src/main.o
 .text.SystemClock_Config
                0x0000000008001a04       0x70 ./Core/Src/main.o
                0x0000000008001a04                SystemClock_Config
 .text.main     0x0000000008001a74      0x140 ./Core/Src/main.o
                0x0000000008001a74                main
 .text.HAL_MspInit
                0x0000000008001bb4       0x38 ./Core/Src/stm32g4xx_hal_msp.o
                0x0000000008001bb4                HAL_MspInit
 .text.HAL_ADC_MspInit
                0x0000000008001bec      0x11c ./Core/Src/stm32g4xx_hal_msp.o
                0x0000000008001bec                HAL_ADC_MspInit
 .text.HAL_DAC_MspInit
                0x0000000008001d08       0xa4 ./Core/Src/stm32g4xx_hal_msp.o
                0x0000000008001d08                HAL_DAC_MspInit
 .text.HAL_UART_MspInit
                0x0000000008001dac       0x84 ./Core/Src/stm32g4xx_hal_msp.o
                0x0000000008001dac                HAL_UART_MspInit
 .text.HAL_TIM_PWM_MspInit
                0x0000000008001e30       0x2c ./Core/Src/stm32g4xx_hal_msp.o
                0x0000000008001e30                HAL_TIM_PWM_MspInit
 .text.HAL_TIM_IC_MspInit
                0x0000000008001e5c       0x8c ./Core/Src/stm32g4xx_hal_msp.o
                0x0000000008001e5c                HAL_TIM_IC_MspInit
 .text.HAL_TIM_Base_MspInit
                0x0000000008001ee8       0x2c ./Core/Src/stm32g4xx_hal_msp.o
                0x0000000008001ee8                HAL_TIM_Base_MspInit
 .text.HAL_TIM_MspPostInit
                0x0000000008001f14       0xc4 ./Core/Src/stm32g4xx_hal_msp.o
                0x0000000008001f14                HAL_TIM_MspPostInit
 .text.NMI_Handler
                0x0000000008001fd8        0x2 ./Core/Src/stm32g4xx_it.o
                0x0000000008001fd8                NMI_Handler
 .text.HardFault_Handler
                0x0000000008001fda        0x2 ./Core/Src/stm32g4xx_it.o
                0x0000000008001fda                HardFault_Handler
 .text.MemManage_Handler
                0x0000000008001fdc        0x2 ./Core/Src/stm32g4xx_it.o
                0x0000000008001fdc                MemManage_Handler
 .text.BusFault_Handler
                0x0000000008001fde        0x2 ./Core/Src/stm32g4xx_it.o
                0x0000000008001fde                BusFault_Handler
 .text.UsageFault_Handler
                0x0000000008001fe0        0x2 ./Core/Src/stm32g4xx_it.o
                0x0000000008001fe0                UsageFault_Handler
 .text.SVC_Handler
                0x0000000008001fe2        0x2 ./Core/Src/stm32g4xx_it.o
                0x0000000008001fe2                SVC_Handler
 .text.DebugMon_Handler
                0x0000000008001fe4        0x2 ./Core/Src/stm32g4xx_it.o
                0x0000000008001fe4                DebugMon_Handler
 .text.PendSV_Handler
                0x0000000008001fe6        0x2 ./Core/Src/stm32g4xx_it.o
                0x0000000008001fe6                PendSV_Handler
 .text.SysTick_Handler
                0x0000000008001fe8        0x8 ./Core/Src/stm32g4xx_it.o
                0x0000000008001fe8                SysTick_Handler
 .text.DMA1_Channel1_IRQHandler
                0x0000000008001ff0       0x10 ./Core/Src/stm32g4xx_it.o
                0x0000000008001ff0                DMA1_Channel1_IRQHandler
 .text.DMA1_Channel2_IRQHandler
                0x0000000008002000       0x10 ./Core/Src/stm32g4xx_it.o
                0x0000000008002000                DMA1_Channel2_IRQHandler
 .text.ADC1_2_IRQHandler
                0x0000000008002010       0x74 ./Core/Src/stm32g4xx_it.o
                0x0000000008002010                ADC1_2_IRQHandler
 .text.EXTI15_10_IRQHandler
                0x0000000008002084        0xc ./Core/Src/stm32g4xx_it.o
                0x0000000008002084                EXTI15_10_IRQHandler
 .text.SystemInit
                0x0000000008002090       0x14 ./Core/Src/system_stm32g4xx.o
                0x0000000008002090                SystemInit
 .text.Reset_Handler
                0x00000000080020a4       0x50 ./Core/Startup/startup_stm32g474retx.o
                0x00000000080020a4                Reset_Handler
 .text.Default_Handler
                0x00000000080020f4        0x2 ./Core/Startup/startup_stm32g474retx.o
                0x00000000080020f4                RTC_Alarm_IRQHandler
                0x00000000080020f4                EXTI2_IRQHandler
                0x00000000080020f4                TIM8_TRG_COM_IRQHandler
                0x00000000080020f4                TIM8_CC_IRQHandler
                0x00000000080020f4                HRTIM1_Master_IRQHandler
                0x00000000080020f4                SPI4_IRQHandler
                0x00000000080020f4                FDCAN3_IT0_IRQHandler
                0x00000000080020f4                TIM1_CC_IRQHandler
                0x00000000080020f4                HRTIM1_FLT_IRQHandler
                0x00000000080020f4                HRTIM1_TIMF_IRQHandler
                0x00000000080020f4                USB_HP_IRQHandler
                0x00000000080020f4                CORDIC_IRQHandler
                0x00000000080020f4                HRTIM1_TIMD_IRQHandler
                0x00000000080020f4                DMA2_Channel8_IRQHandler
                0x00000000080020f4                EXTI3_IRQHandler
                0x00000000080020f4                I2C3_ER_IRQHandler
                0x00000000080020f4                EXTI0_IRQHandler
                0x00000000080020f4                I2C2_EV_IRQHandler
                0x00000000080020f4                FPU_IRQHandler
                0x00000000080020f4                FDCAN1_IT1_IRQHandler
                0x00000000080020f4                TIM1_UP_TIM16_IRQHandler
                0x00000000080020f4                HRTIM1_TIME_IRQHandler
                0x00000000080020f4                SPI1_IRQHandler
                0x00000000080020f4                TIM6_DAC_IRQHandler
                0x00000000080020f4                HRTIM1_TIMC_IRQHandler
                0x00000000080020f4                TIM8_UP_IRQHandler
                0x00000000080020f4                DMA2_Channel2_IRQHandler
                0x00000000080020f4                DMA1_Channel4_IRQHandler
                0x00000000080020f4                TIM20_TRG_COM_IRQHandler
                0x00000000080020f4                USART3_IRQHandler
                0x00000000080020f4                DMA1_Channel7_IRQHandler
                0x00000000080020f4                UART5_IRQHandler
                0x00000000080020f4                ADC3_IRQHandler
                0x00000000080020f4                TIM4_IRQHandler
                0x00000000080020f4                DMA2_Channel1_IRQHandler
                0x00000000080020f4                QUADSPI_IRQHandler
                0x00000000080020f4                I2C1_EV_IRQHandler
                0x00000000080020f4                DMA1_Channel6_IRQHandler
                0x00000000080020f4                UART4_IRQHandler
                0x00000000080020f4                DMA2_Channel4_IRQHandler
                0x00000000080020f4                TIM3_IRQHandler
                0x00000000080020f4                RCC_IRQHandler
                0x00000000080020f4                TIM20_UP_IRQHandler
                0x00000000080020f4                Default_Handler
                0x00000000080020f4                DMA2_Channel7_IRQHandler
                0x00000000080020f4                RTC_TAMP_LSECSS_IRQHandler
                0x00000000080020f4                FMAC_IRQHandler
                0x00000000080020f4                DMA1_Channel8_IRQHandler
                0x00000000080020f4                HRTIM1_TIMA_IRQHandler
                0x00000000080020f4                TIM7_DAC_IRQHandler
                0x00000000080020f4                FDCAN3_IT1_IRQHandler
                0x00000000080020f4                TIM5_IRQHandler
                0x00000000080020f4                UCPD1_IRQHandler
                0x00000000080020f4                I2C3_EV_IRQHandler
                0x00000000080020f4                EXTI9_5_IRQHandler
                0x00000000080020f4                RTC_WKUP_IRQHandler
                0x00000000080020f4                PVD_PVM_IRQHandler
                0x00000000080020f4                SPI2_IRQHandler
                0x00000000080020f4                ADC5_IRQHandler
                0x00000000080020f4                DMA2_Channel5_IRQHandler
                0x00000000080020f4                CRS_IRQHandler
                0x00000000080020f4                DMA1_Channel5_IRQHandler
                0x00000000080020f4                USB_LP_IRQHandler
                0x00000000080020f4                EXTI4_IRQHandler
                0x00000000080020f4                RNG_IRQHandler
                0x00000000080020f4                HRTIM1_TIMB_IRQHandler
                0x00000000080020f4                TIM1_TRG_COM_TIM17_IRQHandler
                0x00000000080020f4                FDCAN2_IT1_IRQHandler
                0x00000000080020f4                DMA1_Channel3_IRQHandler
                0x00000000080020f4                ADC4_IRQHandler
                0x00000000080020f4                WWDG_IRQHandler
                0x00000000080020f4                I2C4_EV_IRQHandler
                0x00000000080020f4                FDCAN2_IT0_IRQHandler
                0x00000000080020f4                LPUART1_IRQHandler
                0x00000000080020f4                DMA2_Channel6_IRQHandler
                0x00000000080020f4                FDCAN1_IT0_IRQHandler
                0x00000000080020f4                TIM2_IRQHandler
                0x00000000080020f4                COMP7_IRQHandler
                0x00000000080020f4                COMP1_2_3_IRQHandler
                0x00000000080020f4                EXTI1_IRQHandler
                0x00000000080020f4                USART2_IRQHandler
                0x00000000080020f4                COMP4_5_6_IRQHandler
                0x00000000080020f4                TIM20_BRK_IRQHandler
                0x00000000080020f4                I2C2_ER_IRQHandler
                0x00000000080020f4                TIM8_BRK_IRQHandler
                0x00000000080020f4                FLASH_IRQHandler
                0x00000000080020f4                TIM20_CC_IRQHandler
                0x00000000080020f4                USART1_IRQHandler
                0x00000000080020f4                SPI3_IRQHandler
                0x00000000080020f4                I2C1_ER_IRQHandler
                0x00000000080020f4                FMC_IRQHandler
                0x00000000080020f4                LPTIM1_IRQHandler
                0x00000000080020f4                DMAMUX_OVR_IRQHandler
                0x00000000080020f4                I2C4_ER_IRQHandler
                0x00000000080020f4                USBWakeUp_IRQHandler
                0x00000000080020f4                SAI1_IRQHandler
                0x00000000080020f4                DMA2_Channel3_IRQHandler
                0x00000000080020f4                TIM1_BRK_TIM15_IRQHandler
 *fill*         0x00000000080020f6        0x2 
 .text.HAL_InitTick
                0x00000000080020f8       0x50 ./Drivers/STM32G4xx_HAL_Driver/Src/stm32g4xx_hal.o
                0x00000000080020f8                HAL_InitTick
 .text.HAL_Init
                0x0000000008002148       0x1e ./Drivers/STM32G4xx_HAL_Driver/Src/stm32g4xx_hal.o
                0x0000000008002148                HAL_Init
 *fill*         0x0000000008002166        0x2 
 .text.HAL_IncTick
                0x0000000008002168       0x18 ./Drivers/STM32G4xx_HAL_Driver/Src/stm32g4xx_hal.o
                0x0000000008002168                HAL_IncTick
 .text.HAL_GetTick
                0x0000000008002180        0xc ./Drivers/STM32G4xx_HAL_Driver/Src/stm32g4xx_hal.o
                0x0000000008002180                HAL_GetTick
 .text.HAL_Delay
                0x000000000800218c       0x28 ./Drivers/STM32G4xx_HAL_Driver/Src/stm32g4xx_hal.o
                0x000000000800218c                HAL_Delay
 .text.HAL_ADC_Init
                0x00000000080021b4      0x2a8 ./Drivers/STM32G4xx_HAL_Driver/Src/stm32g4xx_hal_adc.o
                0x00000000080021b4                HAL_ADC_Init
 .text.HAL_ADC_ConvCpltCallback
                0x000000000800245c        0x2 ./Drivers/STM32G4xx_HAL_Driver/Src/stm32g4xx_hal_adc.o
                0x000000000800245c                HAL_ADC_ConvCpltCallback
 .text.HAL_ADC_ConvHalfCpltCallback
                0x000000000800245e        0x2 ./Drivers/STM32G4xx_HAL_Driver/Src/stm32g4xx_hal_adc.o
                0x000000000800245e                HAL_ADC_ConvHalfCpltCallback
 .text.ADC_DMAHalfConvCplt
                0x0000000008002460        0xa ./Drivers/STM32G4xx_HAL_Driver/Src/stm32g4xx_hal_adc.o
                0x0000000008002460                ADC_DMAHalfConvCplt
 .text.HAL_ADC_LevelOutOfWindowCallback
                0x000000000800246a        0x2 ./Drivers/STM32G4xx_HAL_Driver/Src/stm32g4xx_hal_adc.o
                0x000000000800246a                HAL_ADC_LevelOutOfWindowCallback
 .text.HAL_ADC_ErrorCallback
                0x000000000800246c        0x2 ./Drivers/STM32G4xx_HAL_Driver/Src/stm32g4xx_hal_adc.o
                0x000000000800246c                HAL_ADC_ErrorCallback
 *fill*         0x000000000800246e        0x2 
 .text.HAL_ADC_IRQHandler
                0x0000000008002470      0x2e4 ./Drivers/STM32G4xx_HAL_Driver/Src/stm32g4xx_hal_adc.o
                0x0000000008002470                HAL_ADC_IRQHandler
 .text.ADC_DMAConvCplt
                0x0000000008002754       0x88 ./Drivers/STM32G4xx_HAL_Driver/Src/stm32g4xx_hal_adc.o
                0x0000000008002754                ADC_DMAConvCplt
 .text.ADC_DMAError
                0x00000000080027dc       0x1a ./Drivers/STM32G4xx_HAL_Driver/Src/stm32g4xx_hal_adc.o
                0x00000000080027dc                ADC_DMAError
 *fill*         0x00000000080027f6        0x2 
 .text.HAL_ADC_ConfigChannel
                0x00000000080027f8      0x538 ./Drivers/STM32G4xx_HAL_Driver/Src/stm32g4xx_hal_adc.o
                0x00000000080027f8                HAL_ADC_ConfigChannel
 .text.ADC_Enable
                0x0000000008002d30       0x98 ./Drivers/STM32G4xx_HAL_Driver/Src/stm32g4xx_hal_adc.o
                0x0000000008002d30                ADC_Enable
 .text.HAL_ADC_Start_DMA
                0x0000000008002dc8      0x138 ./Drivers/STM32G4xx_HAL_Driver/Src/stm32g4xx_hal_adc.o
                0x0000000008002dc8                HAL_ADC_Start_DMA
 .text.HAL_ADCEx_InjectedStart_IT
                0x0000000008002f00      0x170 ./Drivers/STM32G4xx_HAL_Driver/Src/stm32g4xx_hal_adc_ex.o
                0x0000000008002f00                HAL_ADCEx_InjectedStart_IT
 .text.HAL_ADCEx_InjectedConvCpltCallback
                0x0000000008003070        0x2 ./Drivers/STM32G4xx_HAL_Driver/Src/stm32g4xx_hal_adc_ex.o
                0x0000000008003070                HAL_ADCEx_InjectedConvCpltCallback
 .text.HAL_ADCEx_InjectedQueueOverflowCallback
                0x0000000008003072        0x2 ./Drivers/STM32G4xx_HAL_Driver/Src/stm32g4xx_hal_adc_ex.o
                0x0000000008003072                HAL_ADCEx_InjectedQueueOverflowCallback
 .text.HAL_ADCEx_LevelOutOfWindow2Callback
                0x0000000008003074        0x2 ./Drivers/STM32G4xx_HAL_Driver/Src/stm32g4xx_hal_adc_ex.o
                0x0000000008003074                HAL_ADCEx_LevelOutOfWindow2Callback
 .text.HAL_ADCEx_LevelOutOfWindow3Callback
                0x0000000008003076        0x2 ./Drivers/STM32G4xx_HAL_Driver/Src/stm32g4xx_hal_adc_ex.o
                0x0000000008003076                HAL_ADCEx_LevelOutOfWindow3Callback
 .text.HAL_ADCEx_EndOfSamplingCallback
                0x0000000008003078        0x2 ./Drivers/STM32G4xx_HAL_Driver/Src/stm32g4xx_hal_adc_ex.o
                0x0000000008003078                HAL_ADCEx_EndOfSamplingCallback
 *fill*         0x000000000800307a        0x2 
 .text.HAL_ADCEx_InjectedConfigChannel
                0x000000000800307c      0x670 ./Drivers/STM32G4xx_HAL_Driver/Src/stm32g4xx_hal_adc_ex.o
                0x000000000800307c                HAL_ADCEx_InjectedConfigChannel
 .text.HAL_ADCEx_MultiModeConfigChannel
                0x00000000080036ec      0x1d4 ./Drivers/STM32G4xx_HAL_Driver/Src/stm32g4xx_hal_adc_ex.o
                0x00000000080036ec                HAL_ADCEx_MultiModeConfigChannel
 .text.HAL_NVIC_SetPriorityGrouping
                0x00000000080038c0       0x24 ./Drivers/STM32G4xx_HAL_Driver/Src/stm32g4xx_hal_cortex.o
                0x00000000080038c0                HAL_NVIC_SetPriorityGrouping
 .text.HAL_NVIC_SetPriority
                0x00000000080038e4       0x70 ./Drivers/STM32G4xx_HAL_Driver/Src/stm32g4xx_hal_cortex.o
                0x00000000080038e4                HAL_NVIC_SetPriority
 .text.HAL_NVIC_EnableIRQ
                0x0000000008003954       0x1c ./Drivers/STM32G4xx_HAL_Driver/Src/stm32g4xx_hal_cortex.o
                0x0000000008003954                HAL_NVIC_EnableIRQ
 .text.HAL_SYSTICK_Config
                0x0000000008003970       0x28 ./Drivers/STM32G4xx_HAL_Driver/Src/stm32g4xx_hal_cortex.o
                0x0000000008003970                HAL_SYSTICK_Config
 .text.HAL_DAC_Init
                0x0000000008003998       0x24 ./Drivers/STM32G4xx_HAL_Driver/Src/stm32g4xx_hal_dac.o
                0x0000000008003998                HAL_DAC_Init
 .text.HAL_DAC_Start
                0x00000000080039bc       0x6a ./Drivers/STM32G4xx_HAL_Driver/Src/stm32g4xx_hal_dac.o
                0x00000000080039bc                HAL_DAC_Start
 .text.HAL_DAC_SetValue
                0x0000000008003a26       0x30 ./Drivers/STM32G4xx_HAL_Driver/Src/stm32g4xx_hal_dac.o
                0x0000000008003a26                HAL_DAC_SetValue
 *fill*         0x0000000008003a56        0x2 
 .text.HAL_DAC_ConfigChannel
                0x0000000008003a58      0x1fc ./Drivers/STM32G4xx_HAL_Driver/Src/stm32g4xx_hal_dac.o
                0x0000000008003a58                HAL_DAC_ConfigChannel
 .text.DMA_SetConfig
                0x0000000008003c54       0x42 ./Drivers/STM32G4xx_HAL_Driver/Src/stm32g4xx_hal_dma.o
 *fill*         0x0000000008003c96        0x2 
 .text.DMA_CalcDMAMUXChannelBaseAndMask
                0x0000000008003c98       0x48 ./Drivers/STM32G4xx_HAL_Driver/Src/stm32g4xx_hal_dma.o
 .text.DMA_CalcDMAMUXRequestGenBaseAndMask
                0x0000000008003ce0       0x28 ./Drivers/STM32G4xx_HAL_Driver/Src/stm32g4xx_hal_dma.o
 .text.HAL_DMA_Init
                0x0000000008003d08       0xd8 ./Drivers/STM32G4xx_HAL_Driver/Src/stm32g4xx_hal_dma.o
                0x0000000008003d08                HAL_DMA_Init
 .text.HAL_DMA_Start_IT
                0x0000000008003de0       0x94 ./Drivers/STM32G4xx_HAL_Driver/Src/stm32g4xx_hal_dma.o
                0x0000000008003de0                HAL_DMA_Start_IT
 .text.HAL_DMA_IRQHandler
                0x0000000008003e74       0xc4 ./Drivers/STM32G4xx_HAL_Driver/Src/stm32g4xx_hal_dma.o
                0x0000000008003e74                HAL_DMA_IRQHandler
 .text.HAL_GPIO_Init
                0x0000000008003f38      0x1d4 ./Drivers/STM32G4xx_HAL_Driver/Src/stm32g4xx_hal_gpio.o
                0x0000000008003f38                HAL_GPIO_Init
 .text.HAL_GPIO_ReadPin
                0x000000000800410c        0xe ./Drivers/STM32G4xx_HAL_Driver/Src/stm32g4xx_hal_gpio.o
                0x000000000800410c                HAL_GPIO_ReadPin
 .text.HAL_GPIO_WritePin
                0x000000000800411a        0xa ./Drivers/STM32G4xx_HAL_Driver/Src/stm32g4xx_hal_gpio.o
                0x000000000800411a                HAL_GPIO_WritePin
 .text.HAL_GPIO_TogglePin
                0x0000000008004124       0x12 ./Drivers/STM32G4xx_HAL_Driver/Src/stm32g4xx_hal_gpio.o
                0x0000000008004124                HAL_GPIO_TogglePin
 .text.HAL_GPIO_EXTI_Callback
                0x0000000008004136        0x2 ./Drivers/STM32G4xx_HAL_Driver/Src/stm32g4xx_hal_gpio.o
                0x0000000008004136                HAL_GPIO_EXTI_Callback
 .text.HAL_GPIO_EXTI_IRQHandler
                0x0000000008004138       0x1c ./Drivers/STM32G4xx_HAL_Driver/Src/stm32g4xx_hal_gpio.o
                0x0000000008004138                HAL_GPIO_EXTI_IRQHandler
 .text.HAL_PWREx_ControlVoltageScaling
                0x0000000008004154      0x10c ./Drivers/STM32G4xx_HAL_Driver/Src/stm32g4xx_hal_pwr_ex.o
                0x0000000008004154                HAL_PWREx_ControlVoltageScaling
 .text.HAL_PWREx_DisableUCPDDeadBattery
                0x0000000008004260       0x10 ./Drivers/STM32G4xx_HAL_Driver/Src/stm32g4xx_hal_pwr_ex.o
                0x0000000008004260                HAL_PWREx_DisableUCPDDeadBattery
 .text.RCC_GetSysClockFreqFromPLLSource
                0x0000000008004270       0x58 ./Drivers/STM32G4xx_HAL_Driver/Src/stm32g4xx_hal_rcc.o
 .text.HAL_RCC_OscConfig
                0x00000000080042c8      0x4e8 ./Drivers/STM32G4xx_HAL_Driver/Src/stm32g4xx_hal_rcc.o
                0x00000000080042c8                HAL_RCC_OscConfig
 .text.HAL_RCC_GetSysClockFreq
                0x00000000080047b0       0x88 ./Drivers/STM32G4xx_HAL_Driver/Src/stm32g4xx_hal_rcc.o
                0x00000000080047b0                HAL_RCC_GetSysClockFreq
 .text.HAL_RCC_ClockConfig
                0x0000000008004838      0x1f8 ./Drivers/STM32G4xx_HAL_Driver/Src/stm32g4xx_hal_rcc.o
                0x0000000008004838                HAL_RCC_ClockConfig
 .text.HAL_RCC_GetHCLKFreq
                0x0000000008004a30        0xc ./Drivers/STM32G4xx_HAL_Driver/Src/stm32g4xx_hal_rcc.o
                0x0000000008004a30                HAL_RCC_GetHCLKFreq
 .text.HAL_RCC_GetPCLK1Freq
                0x0000000008004a3c       0x24 ./Drivers/STM32G4xx_HAL_Driver/Src/stm32g4xx_hal_rcc.o
                0x0000000008004a3c                HAL_RCC_GetPCLK1Freq
 .text.HAL_RCC_GetPCLK2Freq
                0x0000000008004a60       0x24 ./Drivers/STM32G4xx_HAL_Driver/Src/stm32g4xx_hal_rcc.o
                0x0000000008004a60                HAL_RCC_GetPCLK2Freq
 .text.HAL_RCCEx_PeriphCLKConfig
                0x0000000008004a84      0x378 ./Drivers/STM32G4xx_HAL_Driver/Src/stm32g4xx_hal_rcc_ex.o
                0x0000000008004a84                HAL_RCCEx_PeriphCLKConfig
 .text.TIM_OC1_SetConfig
                0x0000000008004dfc       0xb0 ./Drivers/STM32G4xx_HAL_Driver/Src/stm32g4xx_hal_tim.o
 .text.TIM_OC3_SetConfig
                0x0000000008004eac       0x9c ./Drivers/STM32G4xx_HAL_Driver/Src/stm32g4xx_hal_tim.o
 .text.TIM_OC4_SetConfig
                0x0000000008004f48       0x9c ./Drivers/STM32G4xx_HAL_Driver/Src/stm32g4xx_hal_tim.o
 .text.TIM_OC5_SetConfig
                0x0000000008004fe4       0x70 ./Drivers/STM32G4xx_HAL_Driver/Src/stm32g4xx_hal_tim.o
 .text.TIM_OC6_SetConfig
                0x0000000008005054       0x74 ./Drivers/STM32G4xx_HAL_Driver/Src/stm32g4xx_hal_tim.o
 .text.TIM_TI2_SetConfig
                0x00000000080050c8       0x36 ./Drivers/STM32G4xx_HAL_Driver/Src/stm32g4xx_hal_tim.o
 .text.TIM_TI3_SetConfig
                0x00000000080050fe       0x36 ./Drivers/STM32G4xx_HAL_Driver/Src/stm32g4xx_hal_tim.o
 .text.TIM_TI4_SetConfig
                0x0000000008005134       0x36 ./Drivers/STM32G4xx_HAL_Driver/Src/stm32g4xx_hal_tim.o
 *fill*         0x000000000800516a        0x2 
 .text.HAL_TIM_Base_Start
                0x000000000800516c       0x8c ./Drivers/STM32G4xx_HAL_Driver/Src/stm32g4xx_hal_tim.o
                0x000000000800516c                HAL_TIM_Base_Start
 .text.HAL_TIM_Base_Start_IT
                0x00000000080051f8       0x94 ./Drivers/STM32G4xx_HAL_Driver/Src/stm32g4xx_hal_tim.o
                0x00000000080051f8                HAL_TIM_Base_Start_IT
 .text.HAL_TIM_GenerateEvent
                0x000000000800528c       0x2a ./Drivers/STM32G4xx_HAL_Driver/Src/stm32g4xx_hal_tim.o
                0x000000000800528c                HAL_TIM_GenerateEvent
 *fill*         0x00000000080052b6        0x2 
 .text.TIM_Base_SetConfig
                0x00000000080052b8       0xe0 ./Drivers/STM32G4xx_HAL_Driver/Src/stm32g4xx_hal_tim.o
                0x00000000080052b8                TIM_Base_SetConfig
 .text.HAL_TIM_Base_Init
                0x0000000008005398       0x60 ./Drivers/STM32G4xx_HAL_Driver/Src/stm32g4xx_hal_tim.o
                0x0000000008005398                HAL_TIM_Base_Init
 .text.HAL_TIM_PWM_Init
                0x00000000080053f8       0x60 ./Drivers/STM32G4xx_HAL_Driver/Src/stm32g4xx_hal_tim.o
                0x00000000080053f8                HAL_TIM_PWM_Init
 .text.HAL_TIM_IC_Init
                0x0000000008005458       0x60 ./Drivers/STM32G4xx_HAL_Driver/Src/stm32g4xx_hal_tim.o
                0x0000000008005458                HAL_TIM_IC_Init
 .text.TIM_OC2_SetConfig
                0x00000000080054b8       0x9c ./Drivers/STM32G4xx_HAL_Driver/Src/stm32g4xx_hal_tim.o
                0x00000000080054b8                TIM_OC2_SetConfig
 .text.HAL_TIM_PWM_ConfigChannel
                0x0000000008005554      0x13a ./Drivers/STM32G4xx_HAL_Driver/Src/stm32g4xx_hal_tim.o
                0x0000000008005554                HAL_TIM_PWM_ConfigChannel
 *fill*         0x000000000800568e        0x2 
 .text.TIM_TI1_SetConfig
                0x0000000008005690       0x7c ./Drivers/STM32G4xx_HAL_Driver/Src/stm32g4xx_hal_tim.o
                0x0000000008005690                TIM_TI1_SetConfig
 .text.HAL_TIM_IC_ConfigChannel
                0x000000000800570c       0xc4 ./Drivers/STM32G4xx_HAL_Driver/Src/stm32g4xx_hal_tim.o
                0x000000000800570c                HAL_TIM_IC_ConfigChannel
 .text.TIM_CCxChannelCmd
                0x00000000080057d0       0x1e ./Drivers/STM32G4xx_HAL_Driver/Src/stm32g4xx_hal_tim.o
                0x00000000080057d0                TIM_CCxChannelCmd
 *fill*         0x00000000080057ee        0x2 
 .text.HAL_TIM_PWM_Start
                0x00000000080057f0      0x170 ./Drivers/STM32G4xx_HAL_Driver/Src/stm32g4xx_hal_tim.o
                0x00000000080057f0                HAL_TIM_PWM_Start
 .text.HAL_TIM_IC_Start_IT
                0x0000000008005960      0x1b8 ./Drivers/STM32G4xx_HAL_Driver/Src/stm32g4xx_hal_tim.o
                0x0000000008005960                HAL_TIM_IC_Start_IT
 .text.TIM_CCxNChannelCmd
                0x0000000008005b18       0x1e ./Drivers/STM32G4xx_HAL_Driver/Src/stm32g4xx_hal_tim_ex.o
 *fill*         0x0000000008005b36        0x2 
 .text.HAL_TIMEx_PWMN_Start
                0x0000000008005b38      0x104 ./Drivers/STM32G4xx_HAL_Driver/Src/stm32g4xx_hal_tim_ex.o
                0x0000000008005b38                HAL_TIMEx_PWMN_Start
 .text.HAL_TIMEx_MasterConfigSynchronization
                0x0000000008005c3c       0xac ./Drivers/STM32G4xx_HAL_Driver/Src/stm32g4xx_hal_tim_ex.o
                0x0000000008005c3c                HAL_TIMEx_MasterConfigSynchronization
 .text.HAL_TIMEx_ConfigBreakDeadTime
                0x0000000008005ce8       0xd4 ./Drivers/STM32G4xx_HAL_Driver/Src/stm32g4xx_hal_tim_ex.o
                0x0000000008005ce8                HAL_TIMEx_ConfigBreakDeadTime
 .text.UART_SetConfig
                0x0000000008005dbc      0x388 ./Drivers/STM32G4xx_HAL_Driver/Src/stm32g4xx_hal_uart.o
                0x0000000008005dbc                UART_SetConfig
 .text.UART_AdvFeatureConfig
                0x0000000008006144       0xca ./Drivers/STM32G4xx_HAL_Driver/Src/stm32g4xx_hal_uart.o
                0x0000000008006144                UART_AdvFeatureConfig
 .text.UART_WaitOnFlagUntilTimeout
                0x000000000800620e       0xdc ./Drivers/STM32G4xx_HAL_Driver/Src/stm32g4xx_hal_uart.o
                0x000000000800620e                UART_WaitOnFlagUntilTimeout
 .text.UART_CheckIdleState
                0x00000000080062ea       0x74 ./Drivers/STM32G4xx_HAL_Driver/Src/stm32g4xx_hal_uart.o
                0x00000000080062ea                UART_CheckIdleState
 .text.HAL_UART_Init
                0x000000000800635e       0x66 ./Drivers/STM32G4xx_HAL_Driver/Src/stm32g4xx_hal_uart.o
                0x000000000800635e                HAL_UART_Init
 .text.UARTEx_SetNbDataToProcess
                0x00000000080063c4       0x4c ./Drivers/STM32G4xx_HAL_Driver/Src/stm32g4xx_hal_uart_ex.o
 .text.HAL_UARTEx_DisableFifoMode
                0x0000000008006410       0x3e ./Drivers/STM32G4xx_HAL_Driver/Src/stm32g4xx_hal_uart_ex.o
                0x0000000008006410                HAL_UARTEx_DisableFifoMode
 .text.HAL_UARTEx_SetTxFifoThreshold
                0x000000000800644e       0x4a ./Drivers/STM32G4xx_HAL_Driver/Src/stm32g4xx_hal_uart_ex.o
                0x000000000800644e                HAL_UARTEx_SetTxFifoThreshold
 .text.HAL_UARTEx_SetRxFifoThreshold
                0x0000000008006498       0x4a ./Drivers/STM32G4xx_HAL_Driver/Src/stm32g4xx_hal_uart_ex.o
                0x0000000008006498                HAL_UARTEx_SetRxFifoThreshold
 *fill*         0x00000000080064e2        0x2 
 .text.__errno  0x00000000080064e4        0xc c:/st/stm32cubeide_1.12.1/stm32cubeide/plugins/com.st.stm32cube.ide.mcu.externaltools.gnu-tools-for-stm32.10.3-2021.10.win32_1.0.200.202301161003/tools/bin/../lib/gcc/arm-none-eabi/10.3.1/../../../../arm-none-eabi/lib/thumb/v7e-m+fp/hard\libc_nano.a(lib_a-errno.o)
                0x00000000080064e4                __errno
 .text.__libc_init_array
                0x00000000080064f0       0x48 c:/st/stm32cubeide_1.12.1/stm32cubeide/plugins/com.st.stm32cube.ide.mcu.externaltools.gnu-tools-for-stm32.10.3-2021.10.win32_1.0.200.202301161003/tools/bin/../lib/gcc/arm-none-eabi/10.3.1/../../../../arm-none-eabi/lib/thumb/v7e-m+fp/hard\libc_nano.a(lib_a-init.o)
                0x00000000080064f0                __libc_init_array
 .text.memset   0x0000000008006538       0x10 c:/st/stm32cubeide_1.12.1/stm32cubeide/plugins/com.st.stm32cube.ide.mcu.externaltools.gnu-tools-for-stm32.10.3-2021.10.win32_1.0.200.202301161003/tools/bin/../lib/gcc/arm-none-eabi/10.3.1/../../../../arm-none-eabi/lib/thumb/v7e-m+fp/hard\libc_nano.a(lib_a-memset.o)
                0x0000000008006538                memset
 .text.cosf     0x0000000008006548       0x88 c:/st/stm32cubeide_1.12.1/stm32cubeide/plugins/com.st.stm32cube.ide.mcu.externaltools.gnu-tools-for-stm32.10.3-2021.10.win32_1.0.200.202301161003/tools/bin/../lib/gcc/arm-none-eabi/10.3.1/../../../../arm-none-eabi/lib/thumb/v7e-m+fp/hard\libm.a(lib_a-sf_cos.o)
                0x0000000008006548                cosf
 .text.sinf     0x00000000080065d0       0x8c c:/st/stm32cubeide_1.12.1/stm32cubeide/plugins/com.st.stm32cube.ide.mcu.externaltools.gnu-tools-for-stm32.10.3-2021.10.win32_1.0.200.202301161003/tools/bin/../lib/gcc/arm-none-eabi/10.3.1/../../../../arm-none-eabi/lib/thumb/v7e-m+fp/hard\libm.a(lib_a-sf_sin.o)
                0x00000000080065d0                sinf
 .text.atan2f   0x000000000800665c        0x4 c:/st/stm32cubeide_1.12.1/stm32cubeide/plugins/com.st.stm32cube.ide.mcu.externaltools.gnu-tools-for-stm32.10.3-2021.10.win32_1.0.200.202301161003/tools/bin/../lib/gcc/arm-none-eabi/10.3.1/../../../../arm-none-eabi/lib/thumb/v7e-m+fp/hard\libm.a(lib_a-wf_atan2.o)
                0x000000000800665c                atan2f
 .text.fmodf    0x0000000008006660       0x40 c:/st/stm32cubeide_1.12.1/stm32cubeide/plugins/com.st.stm32cube.ide.mcu.externaltools.gnu-tools-for-stm32.10.3-2021.10.win32_1.0.200.202301161003/tools/bin/../lib/gcc/arm-none-eabi/10.3.1/../../../../arm-none-eabi/lib/thumb/v7e-m+fp/hard\libm.a(lib_a-wf_fmod.o)
                0x0000000008006660                fmodf
 .text.sqrtf    0x00000000080066a0       0x3c c:/st/stm32cubeide_1.12.1/stm32cubeide/plugins/com.st.stm32cube.ide.mcu.externaltools.gnu-tools-for-stm32.10.3-2021.10.win32_1.0.200.202301161003/tools/bin/../lib/gcc/arm-none-eabi/10.3.1/../../../../arm-none-eabi/lib/thumb/v7e-m+fp/hard\libm.a(lib_a-wf_sqrt.o)
                0x00000000080066a0                sqrtf
 .text.__ieee754_atan2f
                0x00000000080066dc      0x140 c:/st/stm32cubeide_1.12.1/stm32cubeide/plugins/com.st.stm32cube.ide.mcu.externaltools.gnu-tools-for-stm32.10.3-2021.10.win32_1.0.200.202301161003/tools/bin/../lib/gcc/arm-none-eabi/10.3.1/../../../../arm-none-eabi/lib/thumb/v7e-m+fp/hard\libm.a(lib_a-ef_atan2.o)
                0x00000000080066dc                __ieee754_atan2f
 .text.__ieee754_fmodf
                0x000000000800681c      0x104 c:/st/stm32cubeide_1.12.1/stm32cubeide/plugins/com.st.stm32cube.ide.mcu.externaltools.gnu-tools-for-stm32.10.3-2021.10.win32_1.0.200.202301161003/tools/bin/../lib/gcc/arm-none-eabi/10.3.1/../../../../arm-none-eabi/lib/thumb/v7e-m+fp/hard\libm.a(lib_a-ef_fmod.o)
                0x000000000800681c                __ieee754_fmodf
 .text.__ieee754_rem_pio2f
                0x0000000008006920      0x278 c:/st/stm32cubeide_1.12.1/stm32cubeide/plugins/com.st.stm32cube.ide.mcu.externaltools.gnu-tools-for-stm32.10.3-2021.10.win32_1.0.200.202301161003/tools/bin/../lib/gcc/arm-none-eabi/10.3.1/../../../../arm-none-eabi/lib/thumb/v7e-m+fp/hard\libm.a(lib_a-ef_rem_pio2.o)
                0x0000000008006920                __ieee754_rem_pio2f
 .text.__ieee754_sqrtf
                0x0000000008006b98        0x6 c:/st/stm32cubeide_1.12.1/stm32cubeide/plugins/com.st.stm32cube.ide.mcu.externaltools.gnu-tools-for-stm32.10.3-2021.10.win32_1.0.200.202301161003/tools/bin/../lib/gcc/arm-none-eabi/10.3.1/../../../../arm-none-eabi/lib/thumb/v7e-m+fp/hard\libm.a(lib_a-ef_sqrt.o)
                0x0000000008006b98                __ieee754_sqrtf
 *fill*         0x0000000008006b9e        0x2 
 .text.__kernel_cosf
                0x0000000008006ba0       0xc0 c:/st/stm32cubeide_1.12.1/stm32cubeide/plugins/com.st.stm32cube.ide.mcu.externaltools.gnu-tools-for-stm32.10.3-2021.10.win32_1.0.200.202301161003/tools/bin/../lib/gcc/arm-none-eabi/10.3.1/../../../../arm-none-eabi/lib/thumb/v7e-m+fp/hard\libm.a(lib_a-kf_cos.o)
                0x0000000008006ba0                __kernel_cosf
 .text.__kernel_rem_pio2f
                0x0000000008006c60      0x4ec c:/st/stm32cubeide_1.12.1/stm32cubeide/plugins/com.st.stm32cube.ide.mcu.externaltools.gnu-tools-for-stm32.10.3-2021.10.win32_1.0.200.202301161003/tools/bin/../lib/gcc/arm-none-eabi/10.3.1/../../../../arm-none-eabi/lib/thumb/v7e-m+fp/hard\libm.a(lib_a-kf_rem_pio2.o)
                0x0000000008006c60                __kernel_rem_pio2f
 .text.__kernel_sinf
                0x000000000800714c       0x90 c:/st/stm32cubeide_1.12.1/stm32cubeide/plugins/com.st.stm32cube.ide.mcu.externaltools.gnu-tools-for-stm32.10.3-2021.10.win32_1.0.200.202301161003/tools/bin/../lib/gcc/arm-none-eabi/10.3.1/../../../../arm-none-eabi/lib/thumb/v7e-m+fp/hard\libm.a(lib_a-kf_sin.o)
                0x000000000800714c                __kernel_sinf
 .text.atanf    0x00000000080071dc      0x1a8 c:/st/stm32cubeide_1.12.1/stm32cubeide/plugins/com.st.stm32cube.ide.mcu.externaltools.gnu-tools-for-stm32.10.3-2021.10.win32_1.0.200.202301161003/tools/bin/../lib/gcc/arm-none-eabi/10.3.1/../../../../arm-none-eabi/lib/thumb/v7e-m+fp/hard\libm.a(lib_a-sf_atan.o)
                0x00000000080071dc                atanf
 .text.fabsf    0x0000000008007384        0xe c:/st/stm32cubeide_1.12.1/stm32cubeide/plugins/com.st.stm32cube.ide.mcu.externaltools.gnu-tools-for-stm32.10.3-2021.10.win32_1.0.200.202301161003/tools/bin/../lib/gcc/arm-none-eabi/10.3.1/../../../../arm-none-eabi/lib/thumb/v7e-m+fp/hard\libm.a(lib_a-sf_fabs.o)
                0x0000000008007384                fabsf
 *fill*         0x0000000008007392        0x2 
 .text.floorf   0x0000000008007394       0x84 c:/st/stm32cubeide_1.12.1/stm32cubeide/plugins/com.st.stm32cube.ide.mcu.externaltools.gnu-tools-for-stm32.10.3-2021.10.win32_1.0.200.202301161003/tools/bin/../lib/gcc/arm-none-eabi/10.3.1/../../../../arm-none-eabi/lib/thumb/v7e-m+fp/hard\libm.a(lib_a-sf_floor.o)
                0x0000000008007394                floorf
 .text.scalbnf  0x0000000008007418       0xe4 c:/st/stm32cubeide_1.12.1/stm32cubeide/plugins/com.st.stm32cube.ide.mcu.externaltools.gnu-tools-for-stm32.10.3-2021.10.win32_1.0.200.202301161003/tools/bin/../lib/gcc/arm-none-eabi/10.3.1/../../../../arm-none-eabi/lib/thumb/v7e-m+fp/hard\libm.a(lib_a-sf_scalbn.o)
                0x0000000008007418                scalbnf
 *(.glue_7)
 .glue_7        0x00000000080074fc        0x0 linker stubs
 *(.glue_7t)
 .glue_7t       0x00000000080074fc        0x0 linker stubs
 *(.eh_frame)
 .eh_frame      0x00000000080074fc        0x0 c:/st/stm32cubeide_1.12.1/stm32cubeide/plugins/com.st.stm32cube.ide.mcu.externaltools.gnu-tools-for-stm32.10.3-2021.10.win32_1.0.200.202301161003/tools/bin/../lib/gcc/arm-none-eabi/10.3.1/thumb/v7e-m+fp/hard/crtbegin.o
 *(.init)
 .init          0x00000000080074fc        0x4 c:/st/stm32cubeide_1.12.1/stm32cubeide/plugins/com.st.stm32cube.ide.mcu.externaltools.gnu-tools-for-stm32.10.3-2021.10.win32_1.0.200.202301161003/tools/bin/../lib/gcc/arm-none-eabi/10.3.1/thumb/v7e-m+fp/hard/crti.o
                0x00000000080074fc                _init
 .init          0x0000000008007500        0x8 c:/st/stm32cubeide_1.12.1/stm32cubeide/plugins/com.st.stm32cube.ide.mcu.externaltools.gnu-tools-for-stm32.10.3-2021.10.win32_1.0.200.202301161003/tools/bin/../lib/gcc/arm-none-eabi/10.3.1/thumb/v7e-m+fp/hard/crtn.o
 *(.fini)
 .fini          0x0000000008007508        0x4 c:/st/stm32cubeide_1.12.1/stm32cubeide/plugins/com.st.stm32cube.ide.mcu.externaltools.gnu-tools-for-stm32.10.3-2021.10.win32_1.0.200.202301161003/tools/bin/../lib/gcc/arm-none-eabi/10.3.1/thumb/v7e-m+fp/hard/crti.o
                0x0000000008007508                _fini
 .fini          0x000000000800750c        0x8 c:/st/stm32cubeide_1.12.1/stm32cubeide/plugins/com.st.stm32cube.ide.mcu.externaltools.gnu-tools-for-stm32.10.3-2021.10.win32_1.0.200.202301161003/tools/bin/../lib/gcc/arm-none-eabi/10.3.1/thumb/v7e-m+fp/hard/crtn.o
                0x0000000008007514                . = ALIGN (0x4)
                0x0000000008007514                _etext = .

.vfp11_veneer   0x0000000008007514        0x0
 .vfp11_veneer  0x0000000008007514        0x0 linker stubs

.v4_bx          0x0000000008007514        0x0
 .v4_bx         0x0000000008007514        0x0 linker stubs

.iplt           0x0000000008007514        0x0
 .iplt          0x0000000008007514        0x0 c:/st/stm32cubeide_1.12.1/stm32cubeide/plugins/com.st.stm32cube.ide.mcu.externaltools.gnu-tools-for-stm32.10.3-2021.10.win32_1.0.200.202301161003/tools/bin/../lib/gcc/arm-none-eabi/10.3.1/thumb/v7e-m+fp/hard/crtbegin.o

.rodata         0x0000000008007514      0x450
                0x0000000008007514                . = ALIGN (0x4)
 *(.rodata)
 *(.rodata*)
 .rodata.AHBPrescTable
                0x0000000008007514       0x10 ./Core/Src/system_stm32g4xx.o
                0x0000000008007514                AHBPrescTable
 .rodata.APBPrescTable
                0x0000000008007524        0x8 ./Core/Src/system_stm32g4xx.o
                0x0000000008007524                APBPrescTable
 .rodata.UARTPrescTable
                0x000000000800752c       0x18 ./Drivers/STM32G4xx_HAL_Driver/Src/stm32g4xx_hal_uart.o
                0x000000000800752c                UARTPrescTable
 .rodata.denominator.0
                0x0000000008007544        0x8 ./Drivers/STM32G4xx_HAL_Driver/Src/stm32g4xx_hal_uart_ex.o
 .rodata.numerator.1
                0x000000000800754c        0x8 ./Drivers/STM32G4xx_HAL_Driver/Src/stm32g4xx_hal_uart_ex.o
 .rodata.CSWTCH.8
                0x0000000008007554        0xc c:/st/stm32cubeide_1.12.1/stm32cubeide/plugins/com.st.stm32cube.ide.mcu.externaltools.gnu-tools-for-stm32.10.3-2021.10.win32_1.0.200.202301161003/tools/bin/../lib/gcc/arm-none-eabi/10.3.1/../../../../arm-none-eabi/lib/thumb/v7e-m+fp/hard\libm.a(lib_a-ef_atan2.o)
 .rodata.CSWTCH.9
                0x0000000008007560        0xc c:/st/stm32cubeide_1.12.1/stm32cubeide/plugins/com.st.stm32cube.ide.mcu.externaltools.gnu-tools-for-stm32.10.3-2021.10.win32_1.0.200.202301161003/tools/bin/../lib/gcc/arm-none-eabi/10.3.1/../../../../arm-none-eabi/lib/thumb/v7e-m+fp/hard\libm.a(lib_a-ef_atan2.o)
 .rodata.Zero   0x000000000800756c        0x8 c:/st/stm32cubeide_1.12.1/stm32cubeide/plugins/com.st.stm32cube.ide.mcu.externaltools.gnu-tools-for-stm32.10.3-2021.10.win32_1.0.200.202301161003/tools/bin/../lib/gcc/arm-none-eabi/10.3.1/../../../../arm-none-eabi/lib/thumb/v7e-m+fp/hard\libm.a(lib_a-ef_fmod.o)
 .rodata.npio2_hw
                0x0000000008007574       0x80 c:/st/stm32cubeide_1.12.1/stm32cubeide/plugins/com.st.stm32cube.ide.mcu.externaltools.gnu-tools-for-stm32.10.3-2021.10.win32_1.0.200.202301161003/tools/bin/../lib/gcc/arm-none-eabi/10.3.1/../../../../arm-none-eabi/lib/thumb/v7e-m+fp/hard\libm.a(lib_a-ef_rem_pio2.o)
 .rodata.two_over_pi
                0x00000000080075f4      0x318 c:/st/stm32cubeide_1.12.1/stm32cubeide/plugins/com.st.stm32cube.ide.mcu.externaltools.gnu-tools-for-stm32.10.3-2021.10.win32_1.0.200.202301161003/tools/bin/../lib/gcc/arm-none-eabi/10.3.1/../../../../arm-none-eabi/lib/thumb/v7e-m+fp/hard\libm.a(lib_a-ef_rem_pio2.o)
 .rodata.PIo2   0x000000000800790c       0x2c c:/st/stm32cubeide_1.12.1/stm32cubeide/plugins/com.st.stm32cube.ide.mcu.externaltools.gnu-tools-for-stm32.10.3-2021.10.win32_1.0.200.202301161003/tools/bin/../lib/gcc/arm-none-eabi/10.3.1/../../../../arm-none-eabi/lib/thumb/v7e-m+fp/hard\libm.a(lib_a-kf_rem_pio2.o)
 .rodata.init_jk
                0x0000000008007938        0xc c:/st/stm32cubeide_1.12.1/stm32cubeide/plugins/com.st.stm32cube.ide.mcu.externaltools.gnu-tools-for-stm32.10.3-2021.10.win32_1.0.200.202301161003/tools/bin/../lib/gcc/arm-none-eabi/10.3.1/../../../../arm-none-eabi/lib/thumb/v7e-m+fp/hard\libm.a(lib_a-kf_rem_pio2.o)
 .rodata.atanhi
                0x0000000008007944       0x10 c:/st/stm32cubeide_1.12.1/stm32cubeide/plugins/com.st.stm32cube.ide.mcu.externaltools.gnu-tools-for-stm32.10.3-2021.10.win32_1.0.200.202301161003/tools/bin/../lib/gcc/arm-none-eabi/10.3.1/../../../../arm-none-eabi/lib/thumb/v7e-m+fp/hard\libm.a(lib_a-sf_atan.o)
 .rodata.atanlo
                0x0000000008007954       0x10 c:/st/stm32cubeide_1.12.1/stm32cubeide/plugins/com.st.stm32cube.ide.mcu.externaltools.gnu-tools-for-stm32.10.3-2021.10.win32_1.0.200.202301161003/tools/bin/../lib/gcc/arm-none-eabi/10.3.1/../../../../arm-none-eabi/lib/thumb/v7e-m+fp/hard\libm.a(lib_a-sf_atan.o)
                0x0000000008007964                . = ALIGN (0x4)

.ARM.extab      0x0000000008007964        0x0
                0x0000000008007964                . = ALIGN (0x4)
 *(.ARM.extab* .gnu.linkonce.armextab.*)
                0x0000000008007964                . = ALIGN (0x4)

.ARM            0x0000000008007964        0x8
                0x0000000008007964                . = ALIGN (0x4)
                0x0000000008007964                __exidx_start = .
 *(.ARM.exidx*)
 .ARM.exidx     0x0000000008007964        0x8 c:/st/stm32cubeide_1.12.1/stm32cubeide/plugins/com.st.stm32cube.ide.mcu.externaltools.gnu-tools-for-stm32.10.3-2021.10.win32_1.0.200.202301161003/tools/bin/../lib/gcc/arm-none-eabi/10.3.1/thumb/v7e-m+fp/hard\libgcc.a(_udivmoddi4.o)
                0x000000000800796c                __exidx_end = .
                0x000000000800796c                . = ALIGN (0x4)

.rel.dyn        0x000000000800796c        0x0
 .rel.iplt      0x000000000800796c        0x0 c:/st/stm32cubeide_1.12.1/stm32cubeide/plugins/com.st.stm32cube.ide.mcu.externaltools.gnu-tools-for-stm32.10.3-2021.10.win32_1.0.200.202301161003/tools/bin/../lib/gcc/arm-none-eabi/10.3.1/thumb/v7e-m+fp/hard/crtbegin.o

.preinit_array  0x000000000800796c        0x0
                0x000000000800796c                . = ALIGN (0x4)
                0x000000000800796c                PROVIDE (__preinit_array_start = .)
 *(.preinit_array*)
                0x000000000800796c                PROVIDE (__preinit_array_end = .)
                0x000000000800796c                . = ALIGN (0x4)

.init_array     0x000000000800796c        0x4
                0x000000000800796c                . = ALIGN (0x4)
                0x000000000800796c                PROVIDE (__init_array_start = .)
 *(SORT_BY_NAME(.init_array.*))
 *(.init_array*)
 .init_array    0x000000000800796c        0x4 c:/st/stm32cubeide_1.12.1/stm32cubeide/plugins/com.st.stm32cube.ide.mcu.externaltools.gnu-tools-for-stm32.10.3-2021.10.win32_1.0.200.202301161003/tools/bin/../lib/gcc/arm-none-eabi/10.3.1/thumb/v7e-m+fp/hard/crtbegin.o
                0x0000000008007970                PROVIDE (__init_array_end = .)
                0x0000000008007970                . = ALIGN (0x4)

.fini_array     0x0000000008007970        0x4
                0x0000000008007970                . = ALIGN (0x4)
                [!provide]                        PROVIDE (__fini_array_start = .)
 *(SORT_BY_NAME(.fini_array.*))
 *(.fini_array*)
 .fini_array    0x0000000008007970        0x4 c:/st/stm32cubeide_1.12.1/stm32cubeide/plugins/com.st.stm32cube.ide.mcu.externaltools.gnu-tools-for-stm32.10.3-2021.10.win32_1.0.200.202301161003/tools/bin/../lib/gcc/arm-none-eabi/10.3.1/thumb/v7e-m+fp/hard/crtbegin.o
                [!provide]                        PROVIDE (__fini_array_end = .)
                0x0000000008007974                . = ALIGN (0x4)
                0x0000000008007974                _sidata = LOADADDR (.data)

.data           0x0000000020000000       0x70 load address 0x0000000008007974
                0x0000000020000000                . = ALIGN (0x4)
                0x0000000020000000                _sdata = .
 *(.data)
 *(.data*)
 .data.SystemCoreClock
                0x0000000020000000        0x4 ./Core/Src/system_stm32g4xx.o
                0x0000000020000000                SystemCoreClock
 .data.uwTickFreq
                0x0000000020000004        0x4 ./Drivers/STM32G4xx_HAL_Driver/Src/stm32g4xx_hal.o
                0x0000000020000004                uwTickFreq
 .data.uwTickPrio
                0x0000000020000008        0x4 ./Drivers/STM32G4xx_HAL_Driver/Src/stm32g4xx_hal.o
                0x0000000020000008                uwTickPrio
 .data._impure_ptr
                0x000000002000000c        0x4 c:/st/stm32cubeide_1.12.1/stm32cubeide/plugins/com.st.stm32cube.ide.mcu.externaltools.gnu-tools-for-stm32.10.3-2021.10.win32_1.0.200.202301161003/tools/bin/../lib/gcc/arm-none-eabi/10.3.1/../../../../arm-none-eabi/lib/thumb/v7e-m+fp/hard\libc_nano.a(lib_a-impure.o)
                0x000000002000000c                _impure_ptr
 .data.impure_data
                0x0000000020000010       0x60 c:/st/stm32cubeide_1.12.1/stm32cubeide/plugins/com.st.stm32cube.ide.mcu.externaltools.gnu-tools-for-stm32.10.3-2021.10.win32_1.0.200.202301161003/tools/bin/../lib/gcc/arm-none-eabi/10.3.1/../../../../arm-none-eabi/lib/thumb/v7e-m+fp/hard\libc_nano.a(lib_a-impure.o)
 *(.RamFunc)
 *(.RamFunc*)
                0x0000000020000070                . = ALIGN (0x4)
                0x0000000020000070                _edata = .

.igot.plt       0x0000000020000070        0x0 load address 0x00000000080079e4
 .igot.plt      0x0000000020000070        0x0 c:/st/stm32cubeide_1.12.1/stm32cubeide/plugins/com.st.stm32cube.ide.mcu.externaltools.gnu-tools-for-stm32.10.3-2021.10.win32_1.0.200.202301161003/tools/bin/../lib/gcc/arm-none-eabi/10.3.1/thumb/v7e-m+fp/hard/crtbegin.o
                0x0000000020000070                . = ALIGN (0x4)

.bss            0x0000000020000070      0x3cc load address 0x00000000080079e4
                0x0000000020000070                _sbss = .
                0x0000000020000070                __bss_start__ = _sbss
 *(.bss)
 .bss           0x0000000020000070       0x1c c:/st/stm32cubeide_1.12.1/stm32cubeide/plugins/com.st.stm32cube.ide.mcu.externaltools.gnu-tools-for-stm32.10.3-2021.10.win32_1.0.200.202301161003/tools/bin/../lib/gcc/arm-none-eabi/10.3.1/thumb/v7e-m+fp/hard/crtbegin.o
 *(.bss*)
 .bss.gAdcValue
                0x000000002000008c        0x4 ./Core/MCLIB/GlogalVariables.o
                0x000000002000008c                gAdcValue
 .bss.gButton1  0x0000000020000090        0x1 ./Core/MCLIB/GlogalVariables.o
                0x0000000020000090                gButton1
 *fill*         0x0000000020000091        0x3 
 .bss.gElectAngVelo
                0x0000000020000094        0x4 ./Core/MCLIB/GlogalVariables.o
                0x0000000020000094                gElectAngVelo
 .bss.gElectFreq
                0x0000000020000098        0x4 ./Core/MCLIB/GlogalVariables.o
                0x0000000020000098                gElectFreq
 .bss.gHall     0x000000002000009c        0x3 ./Core/MCLIB/GlogalVariables.o
                0x000000002000009c                gHall
 *fill*         0x000000002000009f        0x1 
 .bss.gInputCaptureCnt
                0x00000000200000a0        0x4 ./Core/MCLIB/GlogalVariables.o
                0x00000000200000a0                gInputCaptureCnt
 .bss.gInputCaptureCnt_pre
                0x00000000200000a4        0x4 ./Core/MCLIB/GlogalVariables.o
                0x00000000200000a4                gInputCaptureCnt_pre
 .bss.gIuvw     0x00000000200000a8        0xc ./Core/MCLIB/GlogalVariables.o
                0x00000000200000a8                gIuvw
 .bss.gIuvw_AD  0x00000000200000b4        0x6 ./Core/MCLIB/GlogalVariables.o
                0x00000000200000b4                gIuvw_AD
 *fill*         0x00000000200000ba        0x2 
 .bss.gTheta    0x00000000200000bc        0x4 ./Core/MCLIB/GlogalVariables.o
                0x00000000200000bc                gTheta
 .bss.gTwoDivVdc
                0x00000000200000c0        0x4 ./Core/MCLIB/GlogalVariables.o
                0x00000000200000c0                gTwoDivVdc
 .bss.gVdc      0x00000000200000c4        0x4 ./Core/MCLIB/GlogalVariables.o
                0x00000000200000c4                gVdc
 .bss.gVolume   0x00000000200000c8        0x4 ./Core/MCLIB/GlogalVariables.o
                0x00000000200000c8                gVolume
 .bss.sDrvMode  0x00000000200000cc        0x1 ./Core/MCLIB/Sequence.o
 *fill*         0x00000000200000cd        0x3 
 .bss.sDuty     0x00000000200000d0        0xc ./Core/MCLIB/Sequence.o
 .bss.sElectAngVelo
                0x00000000200000dc        0x4 ./Core/MCLIB/Sequence.o
 .bss.sElectAngVeloRef
                0x00000000200000e0        0x4 ./Core/MCLIB/Sequence.o
 .bss.sElectAngVeloRefRateLimit
                0x00000000200000e4        0x4 ./Core/MCLIB/Sequence.o
 .bss.sElectAngle
                0x00000000200000e8        0x4 ./Core/MCLIB/Sequence.o
 .bss.sInitCnt  0x00000000200000ec        0x2 ./Core/MCLIB/Sequence.o
 *fill*         0x00000000200000ee        0x2 
 .bss.sOutputMode
                0x00000000200000f0        0x3 ./Core/MCLIB/Sequence.o
 .bss.sPosMode  0x00000000200000f3        0x1 ./Core/MCLIB/Sequence.o
 .bss.sElectAngVeloEstimate
                0x00000000200000f4        0x4 ./Core/MCLIB/SixsStep.o
 .bss.sElectAngleActual
                0x00000000200000f8        0x4 ./Core/MCLIB/SixsStep.o
 .bss.sElectAngleActual_pre
                0x00000000200000fc        0x4 ./Core/MCLIB/SixsStep.o
 .bss.sElectAngleErr
                0x0000000020000100        0x4 ./Core/MCLIB/SixsStep.o
 .bss.sElectAngleEstimate
                0x0000000020000104        0x4 ./Core/MCLIB/SixsStep.o
 .bss.sFlgPLL   0x0000000020000108        0x1 ./Core/MCLIB/SixsStep.o
 .bss.sFlgPLL_pre
                0x0000000020000109        0x1 ./Core/MCLIB/SixsStep.o
 *fill*         0x000000002000010a        0x2 
 .bss.sIntegral_ElectAngleErr_Ki
                0x000000002000010c        0x4 ./Core/MCLIB/SixsStep.o
 .bss.sNoInputCaptureCnt
                0x0000000020000110        0x2 ./Core/MCLIB/SixsStep.o
 .bss.sRotDir   0x0000000020000112        0x1 ./Core/MCLIB/SixsStep.o
 .bss.sVoltageMode
                0x0000000020000113        0x1 ./Core/MCLIB/SixsStep.o
 .bss.sVoltageMode_pre
                0x0000000020000114        0x1 ./Core/MCLIB/SixsStep.o
 *fill*         0x0000000020000115        0x3 
 .bss.sEdq      0x0000000020000118        0x8 ./Core/MCLIB/VectorControl.o
 .bss.sElectAngVeloEstimate
                0x0000000020000120        0x4 ./Core/MCLIB/VectorControl.o
 .bss.sElectAngleErr
                0x0000000020000124        0x4 ./Core/MCLIB/VectorControl.o
 .bss.sElectAngleEstimate
                0x0000000020000128        0x4 ./Core/MCLIB/VectorControl.o
 .bss.sIab      0x000000002000012c        0x8 ./Core/MCLIB/VectorControl.o
 .bss.sIdq      0x0000000020000134        0x8 ./Core/MCLIB/VectorControl.o
 .bss.sIdq_1000
                0x000000002000013c        0x8 ./Core/MCLIB/VectorControl.o
 .bss.sIdq_ref_1000
                0x0000000020000144        0x8 ./Core/MCLIB/VectorControl.o
 .bss.sIntegral_ElectAngleErr_Ki
                0x000000002000014c        0x4 ./Core/MCLIB/VectorControl.o
 .bss.sIq_LPF   0x0000000020000150        0x4 ./Core/MCLIB/VectorControl.o
 .bss.sIq_ref_LPF
                0x0000000020000154        0x4 ./Core/MCLIB/VectorControl.o
 .bss.sMod      0x0000000020000158        0x4 ./Core/MCLIB/VectorControl.o
 .bss.sVab      0x000000002000015c        0x8 ./Core/MCLIB/VectorControl.o
 .bss.sVamp     0x0000000020000164        0x4 ./Core/MCLIB/VectorControl.o
 .bss.sVdq      0x0000000020000168        0x8 ./Core/MCLIB/VectorControl.o
 .bss.sVdq_i    0x0000000020000170        0x8 ./Core/MCLIB/VectorControl.o
 .bss.sVuvw     0x0000000020000178        0xc ./Core/MCLIB/VectorControl.o
 .bss.hadc1     0x0000000020000184       0x6c ./Core/Src/main.o
                0x0000000020000184                hadc1
 .bss.hdac1     0x00000000200001f0       0x14 ./Core/Src/main.o
                0x00000000200001f0                hdac1
 .bss.hdma_adc1
                0x0000000020000204       0x60 ./Core/Src/main.o
                0x0000000020000204                hdma_adc1
 .bss.hdma_dac1_ch1
                0x0000000020000264       0x60 ./Core/Src/main.o
                0x0000000020000264                hdma_dac1_ch1
 .bss.hlpuart1  0x00000000200002c4       0x90 ./Core/Src/main.o
                0x00000000200002c4                hlpuart1
 .bss.htim1     0x0000000020000354       0x4c ./Core/Src/main.o
                0x0000000020000354                htim1
 .bss.htim2     0x00000000200003a0       0x4c ./Core/Src/main.o
                0x00000000200003a0                htim2
 .bss.htim7     0x00000000200003ec       0x4c ./Core/Src/main.o
                0x00000000200003ec                htim7
 .bss.uwTick    0x0000000020000438        0x4 ./Drivers/STM32G4xx_HAL_Driver/Src/stm32g4xx_hal.o
                0x0000000020000438                uwTick
 *(COMMON)
                0x000000002000043c                . = ALIGN (0x4)
                0x000000002000043c                _ebss = .
                0x000000002000043c                __bss_end__ = _ebss

._user_heap_stack
                0x000000002000043c      0x604 load address 0x00000000080079e4
                0x0000000020000440                . = ALIGN (0x8)
 *fill*         0x000000002000043c        0x4 
                [!provide]                        PROVIDE (end = .)
                0x0000000020000440                PROVIDE (_end = .)
                0x0000000020000640                . = (. + _Min_Heap_Size)
 *fill*         0x0000000020000440      0x200 
                0x0000000020000a40                . = (. + _Min_Stack_Size)
 *fill*         0x0000000020000640      0x400 
                0x0000000020000a40                . = ALIGN (0x8)

/DISCARD/
 libc.a(*)
 libm.a(*)
 libgcc.a(*)

.ARM.attributes
                0x0000000000000000       0x30
 *(.ARM.attributes)
 .ARM.attributes
                0x0000000000000000       0x1e c:/st/stm32cubeide_1.12.1/stm32cubeide/plugins/com.st.stm32cube.ide.mcu.externaltools.gnu-tools-for-stm32.10.3-2021.10.win32_1.0.200.202301161003/tools/bin/../lib/gcc/arm-none-eabi/10.3.1/thumb/v7e-m+fp/hard/crti.o
 .ARM.attributes
                0x000000000000001e       0x34 c:/st/stm32cubeide_1.12.1/stm32cubeide/plugins/com.st.stm32cube.ide.mcu.externaltools.gnu-tools-for-stm32.10.3-2021.10.win32_1.0.200.202301161003/tools/bin/../lib/gcc/arm-none-eabi/10.3.1/thumb/v7e-m+fp/hard/crtbegin.o
 .ARM.attributes
                0x0000000000000052       0x34 ./Core/MCLIB/ControlFunctions.o
 .ARM.attributes
                0x0000000000000086       0x34 ./Core/MCLIB/GeneralFunctions.o
 .ARM.attributes
                0x00000000000000ba       0x34 ./Core/MCLIB/GlogalVariables.o
 .ARM.attributes
                0x00000000000000ee       0x34 ./Core/MCLIB/Sequence.o
 .ARM.attributes
                0x0000000000000122       0x34 ./Core/MCLIB/SignalReadWrite.o
 .ARM.attributes
                0x0000000000000156       0x34 ./Core/MCLIB/SixsStep.o
 .ARM.attributes
                0x000000000000018a       0x34 ./Core/MCLIB/VectorControl.o
 .ARM.attributes
                0x00000000000001be       0x34 ./Core/Src/main.o
 .ARM.attributes
                0x00000000000001f2       0x34 ./Core/Src/stm32g4xx_hal_msp.o
 .ARM.attributes
                0x0000000000000226       0x34 ./Core/Src/stm32g4xx_it.o
 .ARM.attributes
                0x000000000000025a       0x34 ./Core/Src/system_stm32g4xx.o
 .ARM.attributes
                0x000000000000028e       0x21 ./Core/Startup/startup_stm32g474retx.o
 .ARM.attributes
                0x00000000000002af       0x34 ./Drivers/STM32G4xx_HAL_Driver/Src/stm32g4xx_hal.o
 .ARM.attributes
                0x00000000000002e3       0x34 ./Drivers/STM32G4xx_HAL_Driver/Src/stm32g4xx_hal_adc.o
 .ARM.attributes
                0x0000000000000317       0x34 ./Drivers/STM32G4xx_HAL_Driver/Src/stm32g4xx_hal_adc_ex.o
 .ARM.attributes
                0x000000000000034b       0x34 ./Drivers/STM32G4xx_HAL_Driver/Src/stm32g4xx_hal_cortex.o
 .ARM.attributes
                0x000000000000037f       0x34 ./Drivers/STM32G4xx_HAL_Driver/Src/stm32g4xx_hal_dac.o
 .ARM.attributes
                0x00000000000003b3       0x34 ./Drivers/STM32G4xx_HAL_Driver/Src/stm32g4xx_hal_dma.o
 .ARM.attributes
                0x00000000000003e7       0x34 ./Drivers/STM32G4xx_HAL_Driver/Src/stm32g4xx_hal_gpio.o
 .ARM.attributes
                0x000000000000041b       0x34 ./Drivers/STM32G4xx_HAL_Driver/Src/stm32g4xx_hal_pwr_ex.o
 .ARM.attributes
                0x000000000000044f       0x34 ./Drivers/STM32G4xx_HAL_Driver/Src/stm32g4xx_hal_rcc.o
 .ARM.attributes
                0x0000000000000483       0x34 ./Drivers/STM32G4xx_HAL_Driver/Src/stm32g4xx_hal_rcc_ex.o
 .ARM.attributes
                0x00000000000004b7       0x34 ./Drivers/STM32G4xx_HAL_Driver/Src/stm32g4xx_hal_tim.o
 .ARM.attributes
                0x00000000000004eb       0x34 ./Drivers/STM32G4xx_HAL_Driver/Src/stm32g4xx_hal_tim_ex.o
 .ARM.attributes
                0x000000000000051f       0x34 ./Drivers/STM32G4xx_HAL_Driver/Src/stm32g4xx_hal_uart.o
 .ARM.attributes
                0x0000000000000553       0x34 ./Drivers/STM32G4xx_HAL_Driver/Src/stm32g4xx_hal_uart_ex.o
 .ARM.attributes
                0x0000000000000587       0x34 c:/st/stm32cubeide_1.12.1/stm32cubeide/plugins/com.st.stm32cube.ide.mcu.externaltools.gnu-tools-for-stm32.10.3-2021.10.win32_1.0.200.202301161003/tools/bin/../lib/gcc/arm-none-eabi/10.3.1/../../../../arm-none-eabi/lib/thumb/v7e-m+fp/hard\libc_nano.a(lib_a-errno.o)
 .ARM.attributes
                0x00000000000005bb       0x34 c:/st/stm32cubeide_1.12.1/stm32cubeide/plugins/com.st.stm32cube.ide.mcu.externaltools.gnu-tools-for-stm32.10.3-2021.10.win32_1.0.200.202301161003/tools/bin/../lib/gcc/arm-none-eabi/10.3.1/../../../../arm-none-eabi/lib/thumb/v7e-m+fp/hard\libc_nano.a(lib_a-impure.o)
 .ARM.attributes
                0x00000000000005ef       0x34 c:/st/stm32cubeide_1.12.1/stm32cubeide/plugins/com.st.stm32cube.ide.mcu.externaltools.gnu-tools-for-stm32.10.3-2021.10.win32_1.0.200.202301161003/tools/bin/../lib/gcc/arm-none-eabi/10.3.1/../../../../arm-none-eabi/lib/thumb/v7e-m+fp/hard\libc_nano.a(lib_a-init.o)
 .ARM.attributes
                0x0000000000000623       0x34 c:/st/stm32cubeide_1.12.1/stm32cubeide/plugins/com.st.stm32cube.ide.mcu.externaltools.gnu-tools-for-stm32.10.3-2021.10.win32_1.0.200.202301161003/tools/bin/../lib/gcc/arm-none-eabi/10.3.1/../../../../arm-none-eabi/lib/thumb/v7e-m+fp/hard\libc_nano.a(lib_a-memset.o)
 .ARM.attributes
                0x0000000000000657       0x34 c:/st/stm32cubeide_1.12.1/stm32cubeide/plugins/com.st.stm32cube.ide.mcu.externaltools.gnu-tools-for-stm32.10.3-2021.10.win32_1.0.200.202301161003/tools/bin/../lib/gcc/arm-none-eabi/10.3.1/../../../../arm-none-eabi/lib/thumb/v7e-m+fp/hard\libm.a(lib_a-sf_cos.o)
 .ARM.attributes
                0x000000000000068b       0x34 c:/st/stm32cubeide_1.12.1/stm32cubeide/plugins/com.st.stm32cube.ide.mcu.externaltools.gnu-tools-for-stm32.10.3-2021.10.win32_1.0.200.202301161003/tools/bin/../lib/gcc/arm-none-eabi/10.3.1/../../../../arm-none-eabi/lib/thumb/v7e-m+fp/hard\libm.a(lib_a-sf_sin.o)
 .ARM.attributes
                0x00000000000006bf       0x34 c:/st/stm32cubeide_1.12.1/stm32cubeide/plugins/com.st.stm32cube.ide.mcu.externaltools.gnu-tools-for-stm32.10.3-2021.10.win32_1.0.200.202301161003/tools/bin/../lib/gcc/arm-none-eabi/10.3.1/../../../../arm-none-eabi/lib/thumb/v7e-m+fp/hard\libm.a(lib_a-wf_atan2.o)
 .ARM.attributes
                0x00000000000006f3       0x34 c:/st/stm32cubeide_1.12.1/stm32cubeide/plugins/com.st.stm32cube.ide.mcu.externaltools.gnu-tools-for-stm32.10.3-2021.10.win32_1.0.200.202301161003/tools/bin/../lib/gcc/arm-none-eabi/10.3.1/../../../../arm-none-eabi/lib/thumb/v7e-m+fp/hard\libm.a(lib_a-wf_fmod.o)
 .ARM.attributes
                0x0000000000000727       0x34 c:/st/stm32cubeide_1.12.1/stm32cubeide/plugins/com.st.stm32cube.ide.mcu.externaltools.gnu-tools-for-stm32.10.3-2021.10.win32_1.0.200.202301161003/tools/bin/../lib/gcc/arm-none-eabi/10.3.1/../../../../arm-none-eabi/lib/thumb/v7e-m+fp/hard\libm.a(lib_a-wf_sqrt.o)
 .ARM.attributes
                0x000000000000075b       0x34 c:/st/stm32cubeide_1.12.1/stm32cubeide/plugins/com.st.stm32cube.ide.mcu.externaltools.gnu-tools-for-stm32.10.3-2021.10.win32_1.0.200.202301161003/tools/bin/../lib/gcc/arm-none-eabi/10.3.1/../../../../arm-none-eabi/lib/thumb/v7e-m+fp/hard\libm.a(lib_a-ef_atan2.o)
 .ARM.attributes
                0x000000000000078f       0x34 c:/st/stm32cubeide_1.12.1/stm32cubeide/plugins/com.st.stm32cube.ide.mcu.externaltools.gnu-tools-for-stm32.10.3-2021.10.win32_1.0.200.202301161003/tools/bin/../lib/gcc/arm-none-eabi/10.3.1/../../../../arm-none-eabi/lib/thumb/v7e-m+fp/hard\libm.a(lib_a-ef_fmod.o)
 .ARM.attributes
                0x00000000000007c3       0x34 c:/st/stm32cubeide_1.12.1/stm32cubeide/plugins/com.st.stm32cube.ide.mcu.externaltools.gnu-tools-for-stm32.10.3-2021.10.win32_1.0.200.202301161003/tools/bin/../lib/gcc/arm-none-eabi/10.3.1/../../../../arm-none-eabi/lib/thumb/v7e-m+fp/hard\libm.a(lib_a-ef_rem_pio2.o)
 .ARM.attributes
                0x00000000000007f7       0x34 c:/st/stm32cubeide_1.12.1/stm32cubeide/plugins/com.st.stm32cube.ide.mcu.externaltools.gnu-tools-for-stm32.10.3-2021.10.win32_1.0.200.202301161003/tools/bin/../lib/gcc/arm-none-eabi/10.3.1/../../../../arm-none-eabi/lib/thumb/v7e-m+fp/hard\libm.a(lib_a-ef_sqrt.o)
 .ARM.attributes
                0x000000000000082b       0x34 c:/st/stm32cubeide_1.12.1/stm32cubeide/plugins/com.st.stm32cube.ide.mcu.externaltools.gnu-tools-for-stm32.10.3-2021.10.win32_1.0.200.202301161003/tools/bin/../lib/gcc/arm-none-eabi/10.3.1/../../../../arm-none-eabi/lib/thumb/v7e-m+fp/hard\libm.a(lib_a-kf_cos.o)
 .ARM.attributes
                0x000000000000085f       0x34 c:/st/stm32cubeide_1.12.1/stm32cubeide/plugins/com.st.stm32cube.ide.mcu.externaltools.gnu-tools-for-stm32.10.3-2021.10.win32_1.0.200.202301161003/tools/bin/../lib/gcc/arm-none-eabi/10.3.1/../../../../arm-none-eabi/lib/thumb/v7e-m+fp/hard\libm.a(lib_a-kf_rem_pio2.o)
 .ARM.attributes
                0x0000000000000893       0x34 c:/st/stm32cubeide_1.12.1/stm32cubeide/plugins/com.st.stm32cube.ide.mcu.externaltools.gnu-tools-for-stm32.10.3-2021.10.win32_1.0.200.202301161003/tools/bin/../lib/gcc/arm-none-eabi/10.3.1/../../../../arm-none-eabi/lib/thumb/v7e-m+fp/hard\libm.a(lib_a-kf_sin.o)
 .ARM.attributes
                0x00000000000008c7       0x34 c:/st/stm32cubeide_1.12.1/stm32cubeide/plugins/com.st.stm32cube.ide.mcu.externaltools.gnu-tools-for-stm32.10.3-2021.10.win32_1.0.200.202301161003/tools/bin/../lib/gcc/arm-none-eabi/10.3.1/../../../../arm-none-eabi/lib/thumb/v7e-m+fp/hard\libm.a(lib_a-sf_atan.o)
 .ARM.attributes
                0x00000000000008fb       0x34 c:/st/stm32cubeide_1.12.1/stm32cubeide/plugins/com.st.stm32cube.ide.mcu.externaltools.gnu-tools-for-stm32.10.3-2021.10.win32_1.0.200.202301161003/tools/bin/../lib/gcc/arm-none-eabi/10.3.1/../../../../arm-none-eabi/lib/thumb/v7e-m+fp/hard\libm.a(lib_a-sf_fabs.o)
 .ARM.attributes
                0x000000000000092f       0x34 c:/st/stm32cubeide_1.12.1/stm32cubeide/plugins/com.st.stm32cube.ide.mcu.externaltools.gnu-tools-for-stm32.10.3-2021.10.win32_1.0.200.202301161003/tools/bin/../lib/gcc/arm-none-eabi/10.3.1/../../../../arm-none-eabi/lib/thumb/v7e-m+fp/hard\libm.a(lib_a-sf_floor.o)
 .ARM.attributes
                0x0000000000000963       0x34 c:/st/stm32cubeide_1.12.1/stm32cubeide/plugins/com.st.stm32cube.ide.mcu.externaltools.gnu-tools-for-stm32.10.3-2021.10.win32_1.0.200.202301161003/tools/bin/../lib/gcc/arm-none-eabi/10.3.1/../../../../arm-none-eabi/lib/thumb/v7e-m+fp/hard\libm.a(lib_a-sf_scalbn.o)
 .ARM.attributes
                0x0000000000000997       0x1e c:/st/stm32cubeide_1.12.1/stm32cubeide/plugins/com.st.stm32cube.ide.mcu.externaltools.gnu-tools-for-stm32.10.3-2021.10.win32_1.0.200.202301161003/tools/bin/../lib/gcc/arm-none-eabi/10.3.1/thumb/v7e-m+fp/hard\libgcc.a(_aeabi_uldivmod.o)
 .ARM.attributes
                0x00000000000009b5       0x34 c:/st/stm32cubeide_1.12.1/stm32cubeide/plugins/com.st.stm32cube.ide.mcu.externaltools.gnu-tools-for-stm32.10.3-2021.10.win32_1.0.200.202301161003/tools/bin/../lib/gcc/arm-none-eabi/10.3.1/thumb/v7e-m+fp/hard\libgcc.a(_udivmoddi4.o)
 .ARM.attributes
                0x00000000000009e9       0x1e c:/st/stm32cubeide_1.12.1/stm32cubeide/plugins/com.st.stm32cube.ide.mcu.externaltools.gnu-tools-for-stm32.10.3-2021.10.win32_1.0.200.202301161003/tools/bin/../lib/gcc/arm-none-eabi/10.3.1/thumb/v7e-m+fp/hard\libgcc.a(_dvmd_tls.o)
 .ARM.attributes
                0x0000000000000a07       0x1e c:/st/stm32cubeide_1.12.1/stm32cubeide/plugins/com.st.stm32cube.ide.mcu.externaltools.gnu-tools-for-stm32.10.3-2021.10.win32_1.0.200.202301161003/tools/bin/../lib/gcc/arm-none-eabi/10.3.1/thumb/v7e-m+fp/hard/crtn.o
OUTPUT(STM32G474RE.elf elf32-littlearm)
LOAD linker stubs
LOAD c:/st/stm32cubeide_1.12.1/stm32cubeide/plugins/com.st.stm32cube.ide.mcu.externaltools.gnu-tools-for-stm32.10.3-2021.10.win32_1.0.200.202301161003/tools/bin/../lib/gcc/arm-none-eabi/10.3.1/../../../../arm-none-eabi/lib/thumb/v7e-m+fp/hard\libc.a
LOAD c:/st/stm32cubeide_1.12.1/stm32cubeide/plugins/com.st.stm32cube.ide.mcu.externaltools.gnu-tools-for-stm32.10.3-2021.10.win32_1.0.200.202301161003/tools/bin/../lib/gcc/arm-none-eabi/10.3.1/../../../../arm-none-eabi/lib/thumb/v7e-m+fp/hard\libm.a
LOAD c:/st/stm32cubeide_1.12.1/stm32cubeide/plugins/com.st.stm32cube.ide.mcu.externaltools.gnu-tools-for-stm32.10.3-2021.10.win32_1.0.200.202301161003/tools/bin/../lib/gcc/arm-none-eabi/10.3.1/thumb/v7e-m+fp/hard\libgcc.a

.debug_info     0x0000000000000000    0x23ec3
 .debug_info    0x0000000000000000       0xf8 ./Core/MCLIB/ControlFunctions.o
 .debug_info    0x00000000000000f8      0x37c ./Core/MCLIB/GeneralFunctions.o
 .debug_info    0x0000000000000474      0x314 ./Core/MCLIB/GlogalVariables.o
 .debug_info    0x0000000000000788      0x590 ./Core/MCLIB/Sequence.o
 .debug_info    0x0000000000000d18      0x9b5 ./Core/MCLIB/SignalReadWrite.o
 .debug_info    0x00000000000016cd      0x89c ./Core/MCLIB/SixsStep.o
 .debug_info    0x0000000000001f69      0xf79 ./Core/MCLIB/VectorControl.o
 .debug_info    0x0000000000002ee2     0x2e36 ./Core/Src/main.o
 .debug_info    0x0000000000005d18     0x21fe ./Core/Src/stm32g4xx_hal_msp.o
 .debug_info    0x0000000000007f16      0xd2b ./Core/Src/stm32g4xx_it.o
 .debug_info    0x0000000000008c41      0x5b8 ./Core/Src/system_stm32g4xx.o
 .debug_info    0x00000000000091f9       0x22 ./Core/Startup/startup_stm32g474retx.o
 .debug_info    0x000000000000921b      0xc59 ./Drivers/STM32G4xx_HAL_Driver/Src/stm32g4xx_hal.o
 .debug_info    0x0000000000009e74     0x3859 ./Drivers/STM32G4xx_HAL_Driver/Src/stm32g4xx_hal_adc.o
 .debug_info    0x000000000000d6cd     0x3118 ./Drivers/STM32G4xx_HAL_Driver/Src/stm32g4xx_hal_adc_ex.o
 .debug_info    0x00000000000107e5     0x10ff ./Drivers/STM32G4xx_HAL_Driver/Src/stm32g4xx_hal_cortex.o
 .debug_info    0x00000000000118e4      0xee4 ./Drivers/STM32G4xx_HAL_Driver/Src/stm32g4xx_hal_dac.o
 .debug_info    0x00000000000127c8      0xa56 ./Drivers/STM32G4xx_HAL_Driver/Src/stm32g4xx_hal_dma.o
 .debug_info    0x000000000001321e      0x869 ./Drivers/STM32G4xx_HAL_Driver/Src/stm32g4xx_hal_gpio.o
 .debug_info    0x0000000000013a87      0xa07 ./Drivers/STM32G4xx_HAL_Driver/Src/stm32g4xx_hal_pwr_ex.o
 .debug_info    0x000000000001448e      0xf15 ./Drivers/STM32G4xx_HAL_Driver/Src/stm32g4xx_hal_rcc.o
 .debug_info    0x00000000000153a3      0xf48 ./Drivers/STM32G4xx_HAL_Driver/Src/stm32g4xx_hal_rcc_ex.o
 .debug_info    0x00000000000162eb     0x4117 ./Drivers/STM32G4xx_HAL_Driver/Src/stm32g4xx_hal_tim.o
 .debug_info    0x000000000001a402     0x25e9 ./Drivers/STM32G4xx_HAL_Driver/Src/stm32g4xx_hal_tim_ex.o
 .debug_info    0x000000000001c9eb     0x6232 ./Drivers/STM32G4xx_HAL_Driver/Src/stm32g4xx_hal_uart.o
 .debug_info    0x0000000000022c1d     0x12a6 ./Drivers/STM32G4xx_HAL_Driver/Src/stm32g4xx_hal_uart_ex.o

.debug_abbrev   0x0000000000000000     0x3938
 .debug_abbrev  0x0000000000000000       0x8d ./Core/MCLIB/ControlFunctions.o
 .debug_abbrev  0x000000000000008d      0x14d ./Core/MCLIB/GeneralFunctions.o
 .debug_abbrev  0x00000000000001da       0x6c ./Core/MCLIB/GlogalVariables.o
 .debug_abbrev  0x0000000000000246      0x14a ./Core/MCLIB/Sequence.o
 .debug_abbrev  0x0000000000000390      0x26d ./Core/MCLIB/SignalReadWrite.o
 .debug_abbrev  0x00000000000005fd      0x221 ./Core/MCLIB/SixsStep.o
 .debug_abbrev  0x000000000000081e      0x26b ./Core/MCLIB/VectorControl.o
 .debug_abbrev  0x0000000000000a89      0x329 ./Core/Src/main.o
 .debug_abbrev  0x0000000000000db2      0x2b3 ./Core/Src/stm32g4xx_hal_msp.o
 .debug_abbrev  0x0000000000001065      0x24a ./Core/Src/stm32g4xx_it.o
 .debug_abbrev  0x00000000000012af      0x11c ./Core/Src/system_stm32g4xx.o
 .debug_abbrev  0x00000000000013cb       0x12 ./Core/Startup/startup_stm32g474retx.o
 .debug_abbrev  0x00000000000013dd      0x27d ./Drivers/STM32G4xx_HAL_Driver/Src/stm32g4xx_hal.o
 .debug_abbrev  0x000000000000165a      0x30f ./Drivers/STM32G4xx_HAL_Driver/Src/stm32g4xx_hal_adc.o
 .debug_abbrev  0x0000000000001969      0x36f ./Drivers/STM32G4xx_HAL_Driver/Src/stm32g4xx_hal_adc_ex.o
 .debug_abbrev  0x0000000000001cd8      0x364 ./Drivers/STM32G4xx_HAL_Driver/Src/stm32g4xx_hal_cortex.o
 .debug_abbrev  0x000000000000203c      0x212 ./Drivers/STM32G4xx_HAL_Driver/Src/stm32g4xx_hal_dac.o
 .debug_abbrev  0x000000000000224e      0x219 ./Drivers/STM32G4xx_HAL_Driver/Src/stm32g4xx_hal_dma.o
 .debug_abbrev  0x0000000000002467      0x1e9 ./Drivers/STM32G4xx_HAL_Driver/Src/stm32g4xx_hal_gpio.o
 .debug_abbrev  0x0000000000002650      0x248 ./Drivers/STM32G4xx_HAL_Driver/Src/stm32g4xx_hal_pwr_ex.o
 .debug_abbrev  0x0000000000002898      0x2a5 ./Drivers/STM32G4xx_HAL_Driver/Src/stm32g4xx_hal_rcc.o
 .debug_abbrev  0x0000000000002b3d      0x275 ./Drivers/STM32G4xx_HAL_Driver/Src/stm32g4xx_hal_rcc_ex.o
 .debug_abbrev  0x0000000000002db2      0x294 ./Drivers/STM32G4xx_HAL_Driver/Src/stm32g4xx_hal_tim.o
 .debug_abbrev  0x0000000000003046      0x2a3 ./Drivers/STM32G4xx_HAL_Driver/Src/stm32g4xx_hal_tim_ex.o
 .debug_abbrev  0x00000000000032e9      0x324 ./Drivers/STM32G4xx_HAL_Driver/Src/stm32g4xx_hal_uart.o
 .debug_abbrev  0x000000000000360d      0x32b ./Drivers/STM32G4xx_HAL_Driver/Src/stm32g4xx_hal_uart_ex.o

.debug_loc      0x0000000000000000    0x1a1d3
 .debug_loc     0x0000000000000000       0x7a ./Core/MCLIB/ControlFunctions.o
 .debug_loc     0x000000000000007a      0x314 ./Core/MCLIB/GeneralFunctions.o
 .debug_loc     0x000000000000038e      0x4b2 ./Core/MCLIB/Sequence.o
 .debug_loc     0x0000000000000840      0x163 ./Core/MCLIB/SignalReadWrite.o
 .debug_loc     0x00000000000009a3      0x9b9 ./Core/MCLIB/SixsStep.o
 .debug_loc     0x000000000000135c      0xbff ./Core/MCLIB/VectorControl.o
 .debug_loc     0x0000000000001f5b      0x1ef ./Core/Src/stm32g4xx_hal_msp.o
 .debug_loc     0x000000000000214a       0x9d ./Core/Src/system_stm32g4xx.o
 .debug_loc     0x00000000000021e7      0x1ef ./Drivers/STM32G4xx_HAL_Driver/Src/stm32g4xx_hal.o
 .debug_loc     0x00000000000023d6     0x28bd ./Drivers/STM32G4xx_HAL_Driver/Src/stm32g4xx_hal_adc.o
 .debug_loc     0x0000000000004c93     0x2616 ./Drivers/STM32G4xx_HAL_Driver/Src/stm32g4xx_hal_adc_ex.o
 .debug_loc     0x00000000000072a9      0x736 ./Drivers/STM32G4xx_HAL_Driver/Src/stm32g4xx_hal_cortex.o
 .debug_loc     0x00000000000079df      0x882 ./Drivers/STM32G4xx_HAL_Driver/Src/stm32g4xx_hal_dac.o
 .debug_loc     0x0000000000008261      0x8a0 ./Drivers/STM32G4xx_HAL_Driver/Src/stm32g4xx_hal_dma.o
 .debug_loc     0x0000000000008b01      0x3b3 ./Drivers/STM32G4xx_HAL_Driver/Src/stm32g4xx_hal_gpio.o
 .debug_loc     0x0000000000008eb4      0xa23 ./Drivers/STM32G4xx_HAL_Driver/Src/stm32g4xx_hal_pwr_ex.o
 .debug_loc     0x00000000000098d7      0x84d ./Drivers/STM32G4xx_HAL_Driver/Src/stm32g4xx_hal_rcc.o
 .debug_loc     0x000000000000a124     0x1523 ./Drivers/STM32G4xx_HAL_Driver/Src/stm32g4xx_hal_rcc_ex.o
 .debug_loc     0x000000000000b647     0x5825 ./Drivers/STM32G4xx_HAL_Driver/Src/stm32g4xx_hal_tim.o
 .debug_loc     0x0000000000010e6c     0x2b38 ./Drivers/STM32G4xx_HAL_Driver/Src/stm32g4xx_hal_tim_ex.o
 .debug_loc     0x00000000000139a4     0x5bec ./Drivers/STM32G4xx_HAL_Driver/Src/stm32g4xx_hal_uart.o
 .debug_loc     0x0000000000019590      0xc43 ./Drivers/STM32G4xx_HAL_Driver/Src/stm32g4xx_hal_uart_ex.o

.debug_aranges  0x0000000000000000     0x1448
 .debug_aranges
                0x0000000000000000       0x20 ./Core/MCLIB/ControlFunctions.o
 .debug_aranges
                0x0000000000000020       0x50 ./Core/MCLIB/GeneralFunctions.o
 .debug_aranges
                0x0000000000000070       0x18 ./Core/MCLIB/GlogalVariables.o
 .debug_aranges
                0x0000000000000088       0x40 ./Core/MCLIB/Sequence.o
 .debug_aranges
                0x00000000000000c8       0x60 ./Core/MCLIB/SignalReadWrite.o
 .debug_aranges
                0x0000000000000128       0x28 ./Core/MCLIB/SixsStep.o
 .debug_aranges
                0x0000000000000150       0x28 ./Core/MCLIB/VectorControl.o
 .debug_aranges
                0x0000000000000178       0x70 ./Core/Src/main.o
 .debug_aranges
                0x00000000000001e8       0x88 ./Core/Src/stm32g4xx_hal_msp.o
 .debug_aranges
                0x0000000000000270       0x80 ./Core/Src/stm32g4xx_it.o
 .debug_aranges
                0x00000000000002f0       0x28 ./Core/Src/system_stm32g4xx.o
 .debug_aranges
                0x0000000000000318       0x28 ./Core/Startup/startup_stm32g474retx.o
 .debug_aranges
                0x0000000000000340      0x130 ./Drivers/STM32G4xx_HAL_Driver/Src/stm32g4xx_hal.o
 .debug_aranges
                0x0000000000000470      0x108 ./Drivers/STM32G4xx_HAL_Driver/Src/stm32g4xx_hal_adc.o
 .debug_aranges
                0x0000000000000578       0xf0 ./Drivers/STM32G4xx_HAL_Driver/Src/stm32g4xx_hal_adc_ex.o
 .debug_aranges
                0x0000000000000668       0xa8 ./Drivers/STM32G4xx_HAL_Driver/Src/stm32g4xx_hal_cortex.o
 .debug_aranges
                0x0000000000000710       0xc0 ./Drivers/STM32G4xx_HAL_Driver/Src/stm32g4xx_hal_dac.o
 .debug_aranges
                0x00000000000007d0       0x90 ./Drivers/STM32G4xx_HAL_Driver/Src/stm32g4xx_hal_dma.o
 .debug_aranges
                0x0000000000000860       0x58 ./Drivers/STM32G4xx_HAL_Driver/Src/stm32g4xx_hal_gpio.o
 .debug_aranges
                0x00000000000008b8      0x140 ./Drivers/STM32G4xx_HAL_Driver/Src/stm32g4xx_hal_pwr_ex.o
 .debug_aranges
                0x00000000000009f8       0x98 ./Drivers/STM32G4xx_HAL_Driver/Src/stm32g4xx_hal_rcc.o
 .debug_aranges
                0x0000000000000a90       0xb0 ./Drivers/STM32G4xx_HAL_Driver/Src/stm32g4xx_hal_rcc_ex.o
 .debug_aranges
                0x0000000000000b40      0x3e0 ./Drivers/STM32G4xx_HAL_Driver/Src/stm32g4xx_hal_tim.o
 .debug_aranges
                0x0000000000000f20      0x240 ./Drivers/STM32G4xx_HAL_Driver/Src/stm32g4xx_hal_tim_ex.o
 .debug_aranges
                0x0000000000001160      0x248 ./Drivers/STM32G4xx_HAL_Driver/Src/stm32g4xx_hal_uart.o
 .debug_aranges
                0x00000000000013a8       0xa0 ./Drivers/STM32G4xx_HAL_Driver/Src/stm32g4xx_hal_uart_ex.o

.debug_ranges   0x0000000000000000     0x16b8
 .debug_ranges  0x0000000000000000       0x10 ./Core/MCLIB/ControlFunctions.o
 .debug_ranges  0x0000000000000010       0x40 ./Core/MCLIB/GeneralFunctions.o
 .debug_ranges  0x0000000000000050       0x30 ./Core/MCLIB/Sequence.o
 .debug_ranges  0x0000000000000080       0x50 ./Core/MCLIB/SignalReadWrite.o
 .debug_ranges  0x00000000000000d0       0xc8 ./Core/MCLIB/SixsStep.o
 .debug_ranges  0x0000000000000198       0x60 ./Core/MCLIB/VectorControl.o
 .debug_ranges  0x00000000000001f8       0x60 ./Core/Src/main.o
 .debug_ranges  0x0000000000000258       0x78 ./Core/Src/stm32g4xx_hal_msp.o
 .debug_ranges  0x00000000000002d0       0x70 ./Core/Src/stm32g4xx_it.o
 .debug_ranges  0x0000000000000340       0x18 ./Core/Src/system_stm32g4xx.o
 .debug_ranges  0x0000000000000358       0x20 ./Core/Startup/startup_stm32g474retx.o
 .debug_ranges  0x0000000000000378      0x120 ./Drivers/STM32G4xx_HAL_Driver/Src/stm32g4xx_hal.o
 .debug_ranges  0x0000000000000498      0x248 ./Drivers/STM32G4xx_HAL_Driver/Src/stm32g4xx_hal_adc.o
 .debug_ranges  0x00000000000006e0      0x218 ./Drivers/STM32G4xx_HAL_Driver/Src/stm32g4xx_hal_adc_ex.o
 .debug_ranges  0x00000000000008f8       0xf8 ./Drivers/STM32G4xx_HAL_Driver/Src/stm32g4xx_hal_cortex.o
 .debug_ranges  0x00000000000009f0       0xb0 ./Drivers/STM32G4xx_HAL_Driver/Src/stm32g4xx_hal_dac.o
 .debug_ranges  0x0000000000000aa0       0x80 ./Drivers/STM32G4xx_HAL_Driver/Src/stm32g4xx_hal_dma.o
 .debug_ranges  0x0000000000000b20       0x48 ./Drivers/STM32G4xx_HAL_Driver/Src/stm32g4xx_hal_gpio.o
 .debug_ranges  0x0000000000000b68      0x130 ./Drivers/STM32G4xx_HAL_Driver/Src/stm32g4xx_hal_pwr_ex.o
 .debug_ranges  0x0000000000000c98       0xa0 ./Drivers/STM32G4xx_HAL_Driver/Src/stm32g4xx_hal_rcc.o
 .debug_ranges  0x0000000000000d38       0xb8 ./Drivers/STM32G4xx_HAL_Driver/Src/stm32g4xx_hal_rcc_ex.o
 .debug_ranges  0x0000000000000df0      0x3d0 ./Drivers/STM32G4xx_HAL_Driver/Src/stm32g4xx_hal_tim.o
 .debug_ranges  0x00000000000011c0      0x230 ./Drivers/STM32G4xx_HAL_Driver/Src/stm32g4xx_hal_tim_ex.o
 .debug_ranges  0x00000000000013f0      0x238 ./Drivers/STM32G4xx_HAL_Driver/Src/stm32g4xx_hal_uart.o
 .debug_ranges  0x0000000000001628       0x90 ./Drivers/STM32G4xx_HAL_Driver/Src/stm32g4xx_hal_uart_ex.o

.debug_macro    0x0000000000000000    0x29e34
 .debug_macro   0x0000000000000000      0x21e ./Core/MCLIB/ControlFunctions.o
 .debug_macro   0x000000000000021e      0xa78 ./Core/MCLIB/ControlFunctions.o
 .debug_macro   0x0000000000000c96       0x22 ./Core/MCLIB/ControlFunctions.o
 .debug_macro   0x0000000000000cb8       0x8e ./Core/MCLIB/ControlFunctions.o
 .debug_macro   0x0000000000000d46       0x51 ./Core/MCLIB/ControlFunctions.o
 .debug_macro   0x0000000000000d97      0x103 ./Core/MCLIB/ControlFunctions.o
 .debug_macro   0x0000000000000e9a       0x6a ./Core/MCLIB/ControlFunctions.o
 .debug_macro   0x0000000000000f04      0x1df ./Core/MCLIB/ControlFunctions.o
 .debug_macro   0x00000000000010e3      0x167 ./Core/MCLIB/ControlFunctions.o
 .debug_macro   0x000000000000124a       0x2e ./Core/MCLIB/ControlFunctions.o
 .debug_macro   0x0000000000001278       0x28 ./Core/MCLIB/ControlFunctions.o
 .debug_macro   0x00000000000012a0       0x1c ./Core/MCLIB/ControlFunctions.o
 .debug_macro   0x00000000000012bc       0x22 ./Core/MCLIB/ControlFunctions.o
 .debug_macro   0x00000000000012de       0xfb ./Core/MCLIB/ControlFunctions.o
 .debug_macro   0x00000000000013d9     0x1011 ./Core/MCLIB/ControlFunctions.o
 .debug_macro   0x00000000000023ea      0x11f ./Core/MCLIB/ControlFunctions.o
 .debug_macro   0x0000000000002509    0x18b93 ./Core/MCLIB/ControlFunctions.o
 .debug_macro   0x000000000001b09c       0x6d ./Core/MCLIB/ControlFunctions.o
 .debug_macro   0x000000000001b109     0x3554 ./Core/MCLIB/ControlFunctions.o
 .debug_macro   0x000000000001e65d      0x174 ./Core/MCLIB/ControlFunctions.o
 .debug_macro   0x000000000001e7d1       0x5c ./Core/MCLIB/ControlFunctions.o
 .debug_macro   0x000000000001e82d     0x171f ./Core/MCLIB/ControlFunctions.o
 .debug_macro   0x000000000001ff4c      0x600 ./Core/MCLIB/ControlFunctions.o
 .debug_macro   0x000000000002054c      0x1b6 ./Core/MCLIB/ControlFunctions.o
 .debug_macro   0x0000000000020702      0x34a ./Core/MCLIB/ControlFunctions.o
 .debug_macro   0x0000000000020a4c      0x53c ./Core/MCLIB/ControlFunctions.o
 .debug_macro   0x0000000000020f88      0x18b ./Core/MCLIB/ControlFunctions.o
 .debug_macro   0x0000000000021113       0x43 ./Core/MCLIB/ControlFunctions.o
 .debug_macro   0x0000000000021156      0x23d ./Core/MCLIB/ControlFunctions.o
 .debug_macro   0x0000000000021393     0x10fd ./Core/MCLIB/ControlFunctions.o
 .debug_macro   0x0000000000022490      0x72e ./Core/MCLIB/ControlFunctions.o
 .debug_macro   0x0000000000022bbe      0x391 ./Core/MCLIB/ControlFunctions.o
 .debug_macro   0x0000000000022f4f      0x202 ./Core/MCLIB/ControlFunctions.o
 .debug_macro   0x0000000000023151      0x107 ./Core/MCLIB/ControlFunctions.o
 .debug_macro   0x0000000000023258      0x211 ./Core/MCLIB/ControlFunctions.o
 .debug_macro   0x0000000000023469      0x45c ./Core/MCLIB/ControlFunctions.o
 .debug_macro   0x00000000000238c5      0x11c ./Core/MCLIB/ControlFunctions.o
 .debug_macro   0x00000000000239e1      0x122 ./Core/MCLIB/ControlFunctions.o
 .debug_macro   0x0000000000023b03      0x3d1 ./Core/MCLIB/ControlFunctions.o
 .debug_macro   0x0000000000023ed4      0xbef ./Core/MCLIB/ControlFunctions.o
 .debug_macro   0x0000000000024ac3      0x718 ./Core/MCLIB/ControlFunctions.o
 .debug_macro   0x00000000000251db      0x67e ./Core/MCLIB/ControlFunctions.o
 .debug_macro   0x0000000000025859       0xa6 ./Core/MCLIB/ControlFunctions.o
 .debug_macro   0x00000000000258ff      0x358 ./Core/MCLIB/ControlFunctions.o
 .debug_macro   0x0000000000025c57       0x9a ./Core/MCLIB/ControlFunctions.o
 .debug_macro   0x0000000000025cf1      0x2d2 ./Core/MCLIB/GeneralFunctions.o
 .debug_macro   0x0000000000025fc3       0x52 ./Core/MCLIB/GeneralFunctions.o
 .debug_macro   0x0000000000026015       0x1e ./Core/MCLIB/GeneralFunctions.o