../Core/Src/main.c:84:5:main	16	static
../Core/Src/main.c:190:6:SystemClock_Config	88	static
../Core/Src/main.c:237:13:MX_ADC1_Init	112	static
../Core/Src/main.c:353:13:MX_DAC1_Init	56	static
../Core/Src/main.c:400:13:MX_LPUART1_UART_Init	8	static
../Core/Src/main.c:447:13:MX_TIM1_Init	104	static
../Core/Src/main.c:533:13:MX_TIM2_Init	40	static
../Core/Src/main.c:589:13:MX_TIM7_Init	24	static
../Core/Src/main.c:625:13:MX_DMA_Init	16	static
../Core/Src/main.c:647:13:MX_GPIO_Init	48	static
../Core/Src/main.c:701:6:Error_Handler	4	static,ignoring_inline_asm
