../Core/Src/main.c:655:13:MX_GPIO_Init	56	static
../Core/Src/main.c:633:13:MX_DMA_Init	16	static
../Core/Src/main.c:709:6:Error_Handler	0	static,ignoring_inline_asm
../Core/Src/main.c:409:13:MX_LPUART1_UART_Init	8	static
../Core/Src/main.c:246:13:MX_ADC1_Init	112	static
../Core/Src/main.c:456:13:MX_TIM1_Init	104	static
../Core/Src/main.c:541:13:MX_TIM2_Init	40	static
../Core/Src/main.c:362:13:MX_DAC1_Init	56	static
../Core/Src/main.c:597:13:MX_TIM7_Init	24	static
../Core/Src/main.c:199:6:SystemClock_Config	88	static
../Core/Src/main.c:84:5:main	16	static
