../Core/Src/stm32g4xx_hal_msp.c:68:6:HAL_MspInit	16	static
../Core/Src/stm32g4xx_hal_msp.c:94:6:HAL_ADC_MspInit	136	static
../Core/Src/stm32g4xx_hal_msp.c:176:6:HAL_ADC_MspDeInit	8	static
../Core/Src/stm32g4xx_hal_msp.c:218:6:HAL_DAC_MspInit	48	static
../Core/Src/stm32g4xx_hal_msp.c:269:6:HAL_DAC_MspDeInit	8	static
../Core/Src/stm32g4xx_hal_msp.c:299:6:HAL_UART_MspInit	120	static
../Core/Src/stm32g4xx_hal_msp.c:346:6:HAL_UART_MspDeInit	8	static
../Core/Src/stm32g4xx_hal_msp.c:375:6:HAL_TIM_PWM_MspInit	8	static
../Core/Src/stm32g4xx_hal_msp.c:397:6:HAL_TIM_IC_MspInit	48	static
../Core/Src/stm32g4xx_hal_msp.c:442:6:HAL_TIM_Base_MspInit	8	static
../Core/Src/stm32g4xx_hal_msp.c:458:6:HAL_TIM_MspPostInit	48	static
../Core/Src/stm32g4xx_hal_msp.c:519:6:HAL_TIM_PWM_MspDeInit	0	static
../Core/Src/stm32g4xx_hal_msp.c:541:6:HAL_TIM_IC_MspDeInit	8	static
../Core/Src/stm32g4xx_hal_msp.c:573:6:HAL_TIM_Base_MspDeInit	0	static
