../Core/MCLIB/SignalReadWrite.c:17:9:readButton1	16	static
../Core/MCLIB/SignalReadWrite.c:24:10:readInputCaptureCnt	8	static
../Core/MCLIB/SignalReadWrite.c:34:7:readTimeInterval	0	static
../Core/MCLIB/SignalReadWrite.c:56:7:readVolume	0	static
../Core/MCLIB/SignalReadWrite.c:68:7:readVdc	0	static
../Core/MCLIB/SignalReadWrite.c:76:6:readCurrent	4	static
../Core/MCLIB/SignalReadWrite.c:86:6:readHallSignal	16	static
../Core/MCLIB/SignalReadWrite.c:93:6:writeOutputMode	8	static
../Core/MCLIB/SignalReadWrite.c:112:6:writeDuty	0	static
